[log-file] D:\Baoyu\包宇的cocos\LightPuzzle\宣传素材\小红书评论\campaign_2026-07-19_135028.log
[lock] campaign instance pid=21960
[rate-status] hourly=3/off daily=28/100 ok=True 
[start] target=72 dry_run=False max_age_days=60 min_relevance=2 history_posts=97 dedup_skip=97 search_tasks=42 search_scrolls=4
[step] check-login
[cdp] spawn timeout=90s cmd=check-login
[cdp] done exit=0 elapsed=0.3s stdout=329 stderr=0
[cdp] phase=check-login-ok exit=0
[cdp] cmd=check-login
[cdp]   [cdp_publish] Timing jitter ratio: 0.25
[cdp]   [cdp_publish] Login cache: enabled (ttl=12h).
[cdp]   [cdp_publish] Connecting to ws://127.0.0.1:9222/devtools/page/3C92B42E311A9DEE022F324DEA9EA345
[cdp]   [cdp_publish] Connected to Chrome tab.
[cdp]   [cdp_publish] Using cached login status (creator, age=25m, ttl=12h).
[cdp]   [cdp_publish] Login confirmed (cached).
[limits] interval=60-120s posts/hour=off posts/day=100 circuit=24h
[queue] empty refilling keyword=益智小游戏 sort=综合 task=1/42 empty_streak=0 seen_feeds=0
[cdp] spawn timeout=180s cmd=--reuse-existing-tab search-feeds --keyword 益智小游戏 --sort-by 综合 --publish-time 半年内 --search-scrolls 4
[cdp] done exit=0 elapsed=14.0s stdout=428065 stderr=0
[search-filter] keyword=益智小游戏 sort=综合 scrolls=4 {'already_commented': 33, 'low_relevance': 50, 'not_note': 6, 'too_old': 24, 'bad_title': 9, 'bad_publish_date': 1}
[search] keyword=益智小游戏 sort=综合 raw=126 skipped=123 usable=3 queued=3 rate_limited=False
[queue] loaded 3 candidates, will post one-by-one before next search
[queue] pop feedId=6a5355ee000000001503c4fe remaining=2 title=玩过最好玩小游戏是什么？
[plan] #1 keyword=益智小游戏 title=玩过最好玩小游戏是什么？ comments=23 age=6d score=4 msg=11/微信小游戏 match=5
[post] attempt feedId=6a5355ee000000001503c4fe contentLen=42 also_upvote=1
[cdp] spawn timeout=120s cmd=--reuse-existing-tab post-comment-to-feed --feed-id 6a5355ee000000001503c4fe --xsec-token(46chars) --content(42chars) --also-upvote
[cdp] done exit=0 elapsed=11.0s stdout=2323 stderr=0
[upvote-warn] feedId=6a5355ee000000001503c4fe comment ok but like not confirmed upvote={'success': False, 'changed': False, 'state_before': False, 'state_after': False}
[post] success feedId=6a5355ee000000001503c4fe
[cdp] phase=post-ok exit=0 feedId=6a5355ee000000001503c4fe
[cdp] cmd=--reuse-existing-tab post-comment-to-feed --feed-id 6a5355ee000000001503c4fe --xsec-token(46chars) --content(42chars) --also-upvote
[cdp]   [cdp_publish] Login cache: enabled (ttl=12h).
[cdp]   [cdp_publish] Tab selection mode: prefer reusing existing tab.
[cdp]   [cdp_publish] Reusing existing tab to reduce focus switching: https://www.xiaohongshu.com/search_result?keyword=%E7%9B%8A%E6%99%BA%E5%B0%8F%E6%B8%B8%E6%88%8F&source=web_explore_feed&type=51
[cdp]   [cdp_publish] Connecting to ws://127.0.0.1:9222/devtools/page/3C92B42E311A9DEE022F324DEA9EA345
[cdp]   [cdp_publish] Connected to Chrome tab.
[cdp]   [cdp_publish] Using cached login status (home, age=25m, ttl=12h).
[cdp]   [cdp_publish] Home login confirmed (cached).
[cdp]   [cdp_publish] Navigating to https://www.xiaohongshu.com/explore/6a5355ee000000001503c4fe?xsec_token=ABJ3plvRwROb9sEFa05V5BKImuW2wBB6nUmxMk4QtbYVI=&xsec_source=pc_feed
[cdp]   [cdp_publish] Clicking comment input box at (854, 1227)...
[cdp]   [cdp_publish] Clicking comment submit button at (1046, 1227)...
[cdp]   [cdp_publish] Comment posted. feed_id=6a5355ee000000001503c4fe, length=42
[cdp]   [cdp_publish] Clicking note like in interact bar at (965, 1227) hint=interact-container .like-wrapper target=SPAN bar=interactions engage-bar top=1215.3333740234375 left=945.1354370117188 viewport={'w': 1254, 'h': 1287}
[cdp]   [cdp_publish] JS click on like-wrapper, class_after=like-wrapper like-active at=(971.2448120117188, 1227.3333740234375)
[cdp]   [cdp_publish] Warning: note like click did not activate. state_before=False state_after=False likeRoot.class=like-wrapper like-active visual_before={'className': 'like-wrapper like-active', 'ariaPressed': '', 'color': 'rgb(51, 51, 51)', 'svgColor': 'rgb(51, 51, 51)', 'svgHtml': '<span data-v-9403e00c="" class="like-lottie" style="width: 24px; height: 24px;"></span>'} visual_after={'className': 'like-wrapper like-active', 'ariaPressed': '', 'color': 'rgb(51, 51, 51)', 'svgColor': 'rgb(51, 51, 51)', 'svgHtml': '<span data-v-9403e00c="" class="like-lottie" style="width: 24px; height: 24px;"></span>'}
[cdp]   [cdp_publish] Warning: upvote on same page failed. payload={'success': False, 'changed': False, 'state_before': False, 'state_after': False}
[cdp]   POST_COMMENT_RESULT:
[ok] post done (1/72)
[wait] 91s (~1.5min, random 60-120s)
[queue] pop feedId=6a2d066800000000070130b7 remaining=1 title=有没有跟抓大鹅差不多的小游戏
[plan] #2 keyword=益智小游戏 title=有没有跟抓大鹅差不多的小游戏 comments=29 age=36d score=4 msg=1/求推荐 match=5
[post] attempt feedId=6a2d066800000000070130b7 contentLen=55 also_upvote=1
[cdp] spawn timeout=120s cmd=--reuse-existing-tab post-comment-to-feed --feed-id 6a2d066800000000070130b7 --xsec-token(46chars) --content(55chars) --also-upvote
[cdp] done exit=0 elapsed=11.4s stdout=2326 stderr=0
[upvote-warn] feedId=6a2d066800000000070130b7 comment ok but like not confirmed upvote={'success': False, 'changed': False, 'state_before': False, 'state_after': False}
[post] success feedId=6a2d066800000000070130b7
[cdp] phase=post-ok exit=0 feedId=6a2d066800000000070130b7
[cdp] cmd=--reuse-existing-tab post-comment-to-feed --feed-id 6a2d066800000000070130b7 --xsec-token(46chars) --content(55chars) --also-upvote
[cdp]   [cdp_publish] Login cache: enabled (ttl=12h).
[cdp]   [cdp_publish] Tab selection mode: prefer reusing existing tab.
[cdp]   [cdp_publish] Reusing existing tab to reduce focus switching: https://www.xiaohongshu.com/explore/6a5355ee000000001503c4fe?xsec_token=ABJ3plvRwROb9sEFa05V5BKImuW2wBB6nUmxMk4QtbYVI=&xsec_source=pc_feed
[cdp]   [cdp_publish] Connecting to ws://127.0.0.1:9222/devtools/page/3C92B42E311A9DEE022F324DEA9EA345
[cdp]   [cdp_publish] Connected to Chrome tab.
[cdp]   [cdp_publish] Using cached login status (home, age=26m, ttl=12h).
[cdp]   [cdp_publish] Home login confirmed (cached).
[cdp]   [cdp_publish] Navigating to https://www.xiaohongshu.com/explore/6a2d066800000000070130b7?xsec_token=AB25ZYwrW9SicOlKQM8euj4y8-c71qEKmbqd2AiDSidK4=&xsec_source=pc_feed
[cdp]   [cdp_publish] Clicking comment input box at (854, 1227)...
[cdp]   [cdp_publish] Clicking comment submit button at (1046, 1227)...
[cdp]   [cdp_publish] Comment posted. feed_id=6a2d066800000000070130b7, length=55
[cdp]   [cdp_publish] Clicking note like in interact bar at (949, 1227) hint=interact-container .like-wrapper target=SPAN bar=interactions engage-bar top=1215.3333740234375 left=928.71875 viewport={'w': 1254, 'h': 1287}
[cdp]   [cdp_publish] JS click on like-wrapper, class_after=like-wrapper like-active at=(958.9322929382324, 1227.3333740234375)
[cdp]   [cdp_publish] Warning: note like click did not activate. state_before=False state_after=False likeRoot.class=like-wrapper like-active visual_before={'className': 'like-wrapper like-active', 'ariaPressed': '', 'color': 'rgb(51, 51, 51)', 'svgColor': 'rgb(51, 51, 51)', 'svgHtml': '<span data-v-9403e00c="" class="like-lottie" style="width: 24px; height: 24px;"></span>'} visual_after={'className': 'like-wrapper like-active', 'ariaPressed': '', 'color': 'rgb(51, 51, 51)', 'svgColor': 'rgb(51, 51, 51)', 'svgHtml': '<span data-v-9403e00c="" class="like-lottie" style="width: 24px; height: 24px;"></span>'}
[cdp]   [cdp_publish] Warning: upvote on same page failed. payload={'success': False, 'changed': False, 'state_before': False, 'state_after': False}
[cdp]   POST_COMMENT_RESULT:
[ok] post done (2/72)
[wait] 69s (~1.1min, random 60-120s)
[queue] pop feedId=6a18443a0000000007029d20 remaining=0 title=解谜高手快来
[plan] #3 keyword=益智小游戏 title=解谜高手快来 comments=0 age=52d score=2 msg=13/微信小游戏 match=5
[post] attempt feedId=6a18443a0000000007029d20 contentLen=39 also_upvote=1
[cdp] spawn timeout=120s cmd=--reuse-existing-tab post-comment-to-feed --feed-id 6a18443a0000000007029d20 --xsec-token(46chars) --content(39chars) --also-upvote
[cdp] done exit=0 elapsed=12.3s stdout=2333 stderr=0
[upvote-warn] feedId=6a18443a0000000007029d20 comment ok but like not confirmed upvote={'success': False, 'changed': False, 'state_before': False, 'state_after': False}
[post] success feedId=6a18443a0000000007029d20
[cdp] phase=post-ok exit=0 feedId=6a18443a0000000007029d20
[cdp] cmd=--reuse-existing-tab post-comment-to-feed --feed-id 6a18443a0000000007029d20 --xsec-token(46chars) --content(39chars) --also-upvote
[cdp]   [cdp_publish] Login cache: enabled (ttl=12h).
[cdp]   [cdp_publish] Tab selection mode: prefer reusing existing tab.
[cdp]   [cdp_publish] Reusing existing tab to reduce focus switching: https://www.xiaohongshu.com/explore/6a2d066800000000070130b7?xsec_token=AB25ZYwrW9SicOlKQM8euj4y8-c71qEKmbqd2AiDSidK4=&xsec_source=pc_feed
[cdp]   [cdp_publish] Connecting to ws://127.0.0.1:9222/devtools/page/3C92B42E311A9DEE022F324DEA9EA345
[cdp]   [cdp_publish] Connected to Chrome tab.
[cdp]   [cdp_publish] Using cached login status (home, age=28m, ttl=12h).
[cdp]   [cdp_publish] Home login confirmed (cached).
[cdp]   [cdp_publish] Navigating to https://www.xiaohongshu.com/explore/6a18443a0000000007029d20?xsec_token=ABERNyOPw6V8nhNlxu8g5KQmagXoDPFe2wLEamMwIbIPU=&xsec_source=pc_feed
[cdp]   [cdp_publish] Clicking comment input box at (801, 1227)...
[cdp]   [cdp_publish] Clicking comment submit button at (993, 1227)...
[cdp]   [cdp_publish] Comment posted. feed_id=6a18443a0000000007029d20, length=39
[cdp]   [cdp_publish] Clicking note like in interact bar at (889, 1227) hint=interact-container .like-wrapper target=SPAN bar=interactions engage-bar top=1215.3333740234375 left=868.8939819335938 viewport={'w': 1254, 'h': 1287}
[cdp]   [cdp_publish] JS click on like-wrapper, class_after=like-wrapper like-active at=(890.8939819335938, 1227.3333740234375)
[cdp]   [cdp_publish] Warning: note like click did not activate. state_before=False state_after=False likeRoot.class=like-wrapper like-active visual_before={'className': 'like-wrapper like-active', 'ariaPressed': '', 'color': 'rgb(51, 51, 51)', 'svgColor': 'rgb(51, 51, 51)', 'svgHtml': '<span data-v-9403e00c="" class="like-lottie" style="width: 24px; height: 24px;"></span>'} visual_after={'className': 'like-wrapper like-active', 'ariaPressed': '', 'color': 'rgb(51, 51, 51)', 'svgColor': 'rgb(51, 51, 51)', 'svgHtml': '<span data-v-9403e00c="" class="like-lottie" style="width: 24px; height: 24px;"></span>'}
[cdp]   [cdp_publish] Warning: upvote on same page failed. payload={'success': False, 'changed': False, 'state_before': False, 'state_after': False}
[cdp]   POST_COMMENT_RESULT:
[ok] post done (3/72)
[wait] 78s (~1.3min, random 60-120s)
[queue] empty refilling keyword=益智小游戏 sort=最新 task=2/42 empty_streak=0 seen_feeds=120
[search-wait] 11s before keyword=益智小游戏 sort=最新
[cdp] spawn timeout=180s cmd=--reuse-existing-tab search-feeds --keyword 益智小游戏 --sort-by 最新 --publish-time 半年内 --search-scrolls 4
[cdp] done exit=0 elapsed=12.7s stdout=484337 stderr=0
[search-filter] keyword=益智小游戏 sort=最新 scrolls=4 {'dup_or_empty_id': 30, 'low_relevance': 46, 'not_note': 6, 'bad_title': 6, 'already_commented': 6}
[search] keyword=益智小游戏 sort=最新 raw=123 skipped=94 usable=29 queued=29 rate_limited=False
[queue] loaded 29 candidates, will post one-by-one before next search
[queue] pop feedId=6a5706140000000007028205 remaining=28 title=小众数字排列逻辑小游戏
[plan] #4 keyword=益智小游戏 title=小众数字排列逻辑小游戏 comments=0 age=4d score=6 msg=9/推箱子 match=3
[post] attempt feedId=6a5706140000000007028205 contentLen=29 also_upvote=1
[cdp] spawn timeout=120s cmd=--reuse-existing-tab post-comment-to-feed --feed-id 6a5706140000000007028205 --xsec-token(46chars) --content(29chars) --also-upvote
[cdp] done exit=0 elapsed=11.8s stdout=2308 stderr=0
[upvote-warn] feedId=6a5706140000000007028205 comment ok but like not confirmed upvote={'success': False, 'changed': False, 'state_before': False, 'state_after': False}
[post] success feedId=6a5706140000000007028205
[cdp] phase=post-ok exit=0 feedId=6a5706140000000007028205
[cdp] cmd=--reuse-existing-tab post-comment-to-feed --feed-id 6a5706140000000007028205 --xsec-token(46chars) --content(29chars) --also-upvote
[cdp]   [cdp_publish] Login cache: enabled (ttl=12h).
[cdp]   [cdp_publish] Tab selection mode: prefer reusing existing tab.
[cdp]   [cdp_publish] Reusing existing tab to reduce focus switching: https://www.xiaohongshu.com/search_result?keyword=%E7%9B%8A%E6%99%BA%E5%B0%8F%E6%B8%B8%E6%88%8F&source=web_explore_feed&type=51
[cdp]   [cdp_publish] Connecting to ws://127.0.0.1:9222/devtools/page/3C92B42E311A9DEE022F324DEA9EA345
[cdp]   [cdp_publish] Connected to Chrome tab.
[cdp]   [cdp_publish] Using cached login status (home, age=30m, ttl=12h).
[cdp]   [cdp_publish] Home login confirmed (cached).
[cdp]   [cdp_publish] Navigating to https://www.xiaohongshu.com/explore/6a5706140000000007028205?xsec_token=ABZIZHoYD7gzNDo590xj4gXlL6MutSQGrW3JzGArUl0p4=&xsec_source=pc_feed
[cdp]   [cdp_publish] Clicking comment input box at (854, 1227)...
[cdp]   [cdp_publish] Clicking comment submit button at (1046, 1227)...
[cdp]   [cdp_publish] Comment posted. feed_id=6a5706140000000007028205, length=29
[cdp]   [cdp_publish] Clicking note like in interact bar at (934, 1227) hint=interact-container .like-wrapper target=SPAN bar=interactions engage-bar top=1215.3333740234375 left=913.78125 viewport={'w': 1254, 'h': 1287}
[cdp]   [cdp_publish] JS click on like-wrapper, class_after=like-wrapper like-active at=(939.890625, 1227.3333740234375)
[cdp]   [cdp_publish] Warning: note like click did not activate. state_before=False state_after=False likeRoot.class=like-wrapper like-active visual_before={'className': 'like-wrapper like-active', 'ariaPressed': '', 'color': 'rgb(51, 51, 51)', 'svgColor': 'rgb(51, 51, 51)', 'svgHtml': '<span data-v-9403e00c="" class="like-lottie" style="width: 24px; height: 24px;"></span>'} visual_after={'className': 'like-wrapper like-active', 'ariaPressed': '', 'color': 'rgb(51, 51, 51)', 'svgColor': 'rgb(51, 51, 51)', 'svgHtml': '<span data-v-9403e00c="" class="like-lottie" style="width: 24px; height: 24px;"></span>'}
[cdp]   [cdp_publish] Warning: upvote on same page failed. payload={'success': False, 'changed': False, 'state_before': False, 'state_after': False}
[cdp]   POST_COMMENT_RESULT:
[ok] post done (4/72)
[wait] 78s (~1.3min, random 60-120s)
