[log-file] D:\Baoyu\包宇的cocos\LightPuzzle\宣传素材\小红书评论\campaign_2026-07-20_001432.log
[lock] campaign instance pid=8412
[rate-status] hourly=0/off daily=0/100 ok=True 
[start] target=30 dry_run=False max_age_days=60 min_relevance=2 history_posts=199 dedup_skip=199 search_tasks=42 search_scrolls=4
[step] check-login
[cdp] spawn timeout=90s cmd=check-login
[cdp] done exit=0 elapsed=2.9s stdout=618 stderr=0
[cdp] phase=check-login-ok exit=0
[cdp] cmd=check-login
[cdp]   [cdp_publish] Timing jitter ratio: 0.25
[cdp]   [cdp_publish] Login cache: enabled (ttl=12h).
[cdp]   [cdp_publish] Connecting to ws://127.0.0.1:9222/devtools/page/D3C26FCDF076A8E479DAD4C4F99147C4
[cdp]   [cdp_publish] Connected to Chrome tab.
[cdp]   [cdp_publish] Using cached login status (creator, age=649m, ttl=12h).
[cdp]   [cdp_publish] Login confirmed (cached).
[limits] interval=60-120s posts/hour=off posts/day=100 circuit=24h
[queue] empty refilling keyword=益智小游戏 sort=综合 task=1/42 empty_streak=0 seen_feeds=0
[cdp] spawn timeout=180s cmd=--reuse-existing-tab search-feeds --keyword 益智小游戏 --sort-by 综合 --publish-time 半年内 --search-scrolls 4
[cdp] done exit=1 elapsed=15.4s stdout=834 stderr=1641
[warn] search failed keyword=益智小游戏
[cdp] phase=search exit=1 keyword=益智小游戏
[cdp] cmd=--reuse-existing-tab search-feeds --keyword 益智小游戏 --sort-by 综合 --publish-time 半年内 --search-scrolls 4
[cdp]   [cdp_publish] Timing jitter ratio: 0.25
[cdp]   [cdp_publish] Login cache: enabled (ttl=12h).
[cdp]   [cdp_publish] Tab selection mode: prefer reusing existing tab.
[cdp]   [cdp_publish] Reusing existing tab to reduce focus switching: https://creator.xiaohongshu.com/publish/publish?source=official
[cdp]   [cdp_publish] Connecting to ws://127.0.0.1:9222/devtools/page/D3C26FCDF076A8E479DAD4C4F99147C4
[cdp]   [cdp_publish] Connected to Chrome tab.
[cdp]   [cdp_publish] Using cached login status (home, age=649m, ttl=12h).
[cdp]   [cdp_publish] Home login confirmed (cached).
[cdp]   [cdp_publish] Direct navigate (single jump): https://www.xiaohongshu.com/search_result?keyword=%E7%9B%8A%E6%99%BA%E5%B0%8F%E6%B8%B8%E6%88%8F&source=web_explore_feed
[cdp]   [cdp_publish] Navigating to https://www.xiaohongshu.com/search_result?keyword=%E7%9B%8A%E6%99%BA%E5%B0%8F%E6%B8%B8%E6%88%8F&source=web_explore_feed
[cdp]   Traceback (most recent call last):
[cdp]   raise TimeoutError(f"timed out in {timeout:.1f}s") from None
[cdp]   TimeoutError: timed out in 12.3s
[cdp]   Traceback (most recent call last):
[cdp]   raise CDPError(
[cdp]   __main__.CDPError: Timed out waiting for CDP response to Page.navigate after 15.0s.
[search] keyword=益智小游戏 sort=综合 raw=0 skipped=0 usable=0 queued=0 rate_limited=False
[queue] empty refilling keyword=益智小游戏 sort=最新 task=2/42 empty_streak=1 seen_feeds=0
[search-wait] 12s before keyword=益智小游戏 sort=最新
[cdp] spawn timeout=180s cmd=--reuse-existing-tab search-feeds --keyword 益智小游戏 --sort-by 最新 --publish-time 半年内 --search-scrolls 4
[cdp] done exit=1 elapsed=15.2s stdout=577 stderr=1833
[warn] search failed keyword=益智小游戏
[cdp] phase=search exit=1 keyword=益智小游戏
[cdp] cmd=--reuse-existing-tab search-feeds --keyword 益智小游戏 --sort-by 最新 --publish-time 半年内 --search-scrolls 4
[cdp]   [cdp_publish] Timing jitter ratio: 0.25
[cdp]   [cdp_publish] Login cache: enabled (ttl=12h).
[cdp]   [cdp_publish] Tab selection mode: prefer reusing existing tab.
[cdp]   [cdp_publish] Reusing existing tab to reduce focus switching: https://www.xiaohongshu.com/search_result?keyword=%E7%9B%8A%E6%99%BA%E5%B0%8F%E6%B8%B8%E6%88%8F&source=web_explore_feed
[cdp]   [cdp_publish] Connecting to ws://127.0.0.1:9222/devtools/page/D3C26FCDF076A8E479DAD4C4F99147C4
[cdp]   [cdp_publish] Connected to Chrome tab.
[cdp]   [cdp_publish] Using cached login status (home, age=649m, ttl=12h).
[cdp]   [cdp_publish] Home login confirmed (cached).
[cdp]   Traceback (most recent call last):
[cdp]   raise TimeoutError(f"timed out in {timeout:.1f}s") from None
[cdp]   TimeoutError: timed out in 15.0s
[cdp]   Traceback (most recent call last):
[cdp]   raise CDPError(
[cdp]   __main__.CDPError: Timed out waiting for CDP response to Runtime.evaluate after 15.0s.
[search] keyword=益智小游戏 sort=最新 raw=0 skipped=0 usable=0 queued=0 rate_limited=False
[queue] empty refilling keyword=烧脑小游戏 sort=综合 task=3/42 empty_streak=2 seen_feeds=0
[search-wait] 10s before keyword=烧脑小游戏 sort=综合
[cdp] spawn timeout=180s cmd=--reuse-existing-tab search-feeds --keyword 烧脑小游戏 --sort-by 综合 --publish-time 半年内 --search-scrolls 4
[cdp] done exit=1 elapsed=15.2s stdout=577 stderr=1833
[warn] search failed keyword=烧脑小游戏
[cdp] phase=search exit=1 keyword=烧脑小游戏
[cdp] cmd=--reuse-existing-tab search-feeds --keyword 烧脑小游戏 --sort-by 综合 --publish-time 半年内 --search-scrolls 4
[cdp]   [cdp_publish] Timing jitter ratio: 0.25
[cdp]   [cdp_publish] Login cache: enabled (ttl=12h).
[cdp]   [cdp_publish] Tab selection mode: prefer reusing existing tab.
[cdp]   [cdp_publish] Reusing existing tab to reduce focus switching: https://www.xiaohongshu.com/search_result?keyword=%E7%9B%8A%E6%99%BA%E5%B0%8F%E6%B8%B8%E6%88%8F&source=web_explore_feed
[cdp]   [cdp_publish] Connecting to ws://127.0.0.1:9222/devtools/page/D3C26FCDF076A8E479DAD4C4F99147C4
[cdp]   [cdp_publish] Connected to Chrome tab.
[cdp]   [cdp_publish] Using cached login status (home, age=650m, ttl=12h).
[cdp]   [cdp_publish] Home login confirmed (cached).
[cdp]   Traceback (most recent call last):
[cdp]   raise TimeoutError(f"timed out in {timeout:.1f}s") from None
[cdp]   TimeoutError: timed out in 15.0s
[cdp]   Traceback (most recent call last):
[cdp]   raise CDPError(
[cdp]   __main__.CDPError: Timed out waiting for CDP response to Runtime.evaluate after 15.0s.
[search] keyword=烧脑小游戏 sort=综合 raw=0 skipped=0 usable=0 queued=0 rate_limited=False
[queue] empty refilling keyword=烧脑小游戏 sort=最新 task=4/42 empty_streak=3 seen_feeds=0
[search-wait] 10s before keyword=烧脑小游戏 sort=最新
[cdp] spawn timeout=180s cmd=--reuse-existing-tab search-feeds --keyword 烧脑小游戏 --sort-by 最新 --publish-time 半年内 --search-scrolls 4
[cdp] done exit=1 elapsed=15.2s stdout=577 stderr=1833
[warn] search failed keyword=烧脑小游戏
[cdp] phase=search exit=1 keyword=烧脑小游戏
[cdp] cmd=--reuse-existing-tab search-feeds --keyword 烧脑小游戏 --sort-by 最新 --publish-time 半年内 --search-scrolls 4
[cdp]   [cdp_publish] Timing jitter ratio: 0.25
[cdp]   [cdp_publish] Login cache: enabled (ttl=12h).
[cdp]   [cdp_publish] Tab selection mode: prefer reusing existing tab.
[cdp]   [cdp_publish] Reusing existing tab to reduce focus switching: https://www.xiaohongshu.com/search_result?keyword=%E7%9B%8A%E6%99%BA%E5%B0%8F%E6%B8%B8%E6%88%8F&source=web_explore_feed
[cdp]   [cdp_publish] Connecting to ws://127.0.0.1:9222/devtools/page/D3C26FCDF076A8E479DAD4C4F99147C4
[cdp]   [cdp_publish] Connected to Chrome tab.
[cdp]   [cdp_publish] Using cached login status (home, age=650m, ttl=12h).
[cdp]   [cdp_publish] Home login confirmed (cached).
[cdp]   Traceback (most recent call last):
[cdp]   raise TimeoutError(f"timed out in {timeout:.1f}s") from None
[cdp]   TimeoutError: timed out in 15.0s
[cdp]   Traceback (most recent call last):
[cdp]   raise CDPError(
[cdp]   __main__.CDPError: Timed out waiting for CDP response to Runtime.evaluate after 15.0s.
[search] keyword=烧脑小游戏 sort=最新 raw=0 skipped=0 usable=0 queued=0 rate_limited=False
[queue] empty refilling keyword=推箱子 sort=综合 task=5/42 empty_streak=4 seen_feeds=0
[search-wait] 11s before keyword=推箱子 sort=综合
[cdp] spawn timeout=180s cmd=--reuse-existing-tab search-feeds --keyword 推箱子 --sort-by 综合 --publish-time 半年内 --search-scrolls 4
[cdp] done exit=1 elapsed=15.2s stdout=577 stderr=1833
[warn] search failed keyword=推箱子
[cdp] phase=search exit=1 keyword=推箱子
[cdp] cmd=--reuse-existing-tab search-feeds --keyword 推箱子 --sort-by 综合 --publish-time 半年内 --search-scrolls 4
[cdp]   [cdp_publish] Timing jitter ratio: 0.25
[cdp]   [cdp_publish] Login cache: enabled (ttl=12h).
[cdp]   [cdp_publish] Tab selection mode: prefer reusing existing tab.
[cdp]   [cdp_publish] Reusing existing tab to reduce focus switching: https://www.xiaohongshu.com/search_result?keyword=%E7%9B%8A%E6%99%BA%E5%B0%8F%E6%B8%B8%E6%88%8F&source=web_explore_feed
[cdp]   [cdp_publish] Connecting to ws://127.0.0.1:9222/devtools/page/D3C26FCDF076A8E479DAD4C4F99147C4
[cdp]   [cdp_publish] Connected to Chrome tab.
[cdp]   [cdp_publish] Using cached login status (home, age=650m, ttl=12h).
[cdp]   [cdp_publish] Home login confirmed (cached).
[cdp]   Traceback (most recent call last):
[cdp]   raise TimeoutError(f"timed out in {timeout:.1f}s") from None
[cdp]   TimeoutError: timed out in 15.0s
[cdp]   Traceback (most recent call last):
[cdp]   raise CDPError(
[cdp]   __main__.CDPError: Timed out waiting for CDP response to Runtime.evaluate after 15.0s.
[search] keyword=推箱子 sort=综合 raw=0 skipped=0 usable=0 queued=0 rate_limited=False
[queue] empty refilling keyword=推箱子 sort=最新 task=6/42 empty_streak=5 seen_feeds=0
[search-wait] 6s before keyword=推箱子 sort=最新
[cdp] spawn timeout=180s cmd=--reuse-existing-tab search-feeds --keyword 推箱子 --sort-by 最新 --publish-time 半年内 --search-scrolls 4
[cdp] done exit=1 elapsed=15.3s stdout=577 stderr=1833
[warn] search failed keyword=推箱子
[cdp] phase=search exit=1 keyword=推箱子
[cdp] cmd=--reuse-existing-tab search-feeds --keyword 推箱子 --sort-by 最新 --publish-time 半年内 --search-scrolls 4
[cdp]   [cdp_publish] Timing jitter ratio: 0.25
[cdp]   [cdp_publish] Login cache: enabled (ttl=12h).
[cdp]   [cdp_publish] Tab selection mode: prefer reusing existing tab.
[cdp]   [cdp_publish] Reusing existing tab to reduce focus switching: https://www.xiaohongshu.com/search_result?keyword=%E7%9B%8A%E6%99%BA%E5%B0%8F%E6%B8%B8%E6%88%8F&source=web_explore_feed
[cdp]   [cdp_publish] Connecting to ws://127.0.0.1:9222/devtools/page/D3C26FCDF076A8E479DAD4C4F99147C4
[cdp]   [cdp_publish] Connected to Chrome tab.
[cdp]   [cdp_publish] Using cached login status (home, age=651m, ttl=12h).
[cdp]   [cdp_publish] Home login confirmed (cached).
[cdp]   Traceback (most recent call last):
[cdp]   raise TimeoutError(f"timed out in {timeout:.1f}s") from None
[cdp]   TimeoutError: timed out in 15.0s
[cdp]   Traceback (most recent call last):
[cdp]   raise CDPError(
[cdp]   __main__.CDPError: Timed out waiting for CDP response to Runtime.evaluate after 15.0s.
[search] keyword=推箱子 sort=最新 raw=0 skipped=0 usable=0 queued=0 rate_limited=False
[queue] empty refilling keyword=解谜游戏 sort=综合 task=7/42 empty_streak=6 seen_feeds=0
[search-wait] 8s before keyword=解谜游戏 sort=综合
[cdp] spawn timeout=180s cmd=--reuse-existing-tab search-feeds --keyword 解谜游戏 --sort-by 综合 --publish-time 半年内 --search-scrolls 4
[cdp] done exit=1 elapsed=15.2s stdout=577 stderr=1833
[warn] search failed keyword=解谜游戏
[cdp] phase=search exit=1 keyword=解谜游戏
[cdp] cmd=--reuse-existing-tab search-feeds --keyword 解谜游戏 --sort-by 综合 --publish-time 半年内 --search-scrolls 4
[cdp]   [cdp_publish] Timing jitter ratio: 0.25
[cdp]   [cdp_publish] Login cache: enabled (ttl=12h).
[cdp]   [cdp_publish] Tab selection mode: prefer reusing existing tab.
[cdp]   [cdp_publish] Reusing existing tab to reduce focus switching: https://www.xiaohongshu.com/search_result?keyword=%E7%9B%8A%E6%99%BA%E5%B0%8F%E6%B8%B8%E6%88%8F&source=web_explore_feed
[cdp]   [cdp_publish] Connecting to ws://127.0.0.1:9222/devtools/page/D3C26FCDF076A8E479DAD4C4F99147C4
[cdp]   [cdp_publish] Connected to Chrome tab.
[cdp]   [cdp_publish] Using cached login status (home, age=651m, ttl=12h).
[cdp]   [cdp_publish] Home login confirmed (cached).
[cdp]   Traceback (most recent call last):
[cdp]   raise TimeoutError(f"timed out in {timeout:.1f}s") from None
[cdp]   TimeoutError: timed out in 15.0s
[cdp]   Traceback (most recent call last):
[cdp]   raise CDPError(
[cdp]   __main__.CDPError: Timed out waiting for CDP response to Runtime.evaluate after 15.0s.
[search] keyword=解谜游戏 sort=综合 raw=0 skipped=0 usable=0 queued=0 rate_limited=False
[queue] empty refilling keyword=解谜游戏 sort=最新 task=8/42 empty_streak=7 seen_feeds=0
[search-wait] 6s before keyword=解谜游戏 sort=最新
[cdp] spawn timeout=180s cmd=--reuse-existing-tab search-feeds --keyword 解谜游戏 --sort-by 最新 --publish-time 半年内 --search-scrolls 4
[cdp] done exit=1 elapsed=15.2s stdout=577 stderr=1833
[warn] search failed keyword=解谜游戏
[cdp] phase=search exit=1 keyword=解谜游戏
[cdp] cmd=--reuse-existing-tab search-feeds --keyword 解谜游戏 --sort-by 最新 --publish-time 半年内 --search-scrolls 4
[cdp]   [cdp_publish] Timing jitter ratio: 0.25
[cdp]   [cdp_publish] Login cache: enabled (ttl=12h).
[cdp]   [cdp_publish] Tab selection mode: prefer reusing existing tab.
[cdp]   [cdp_publish] Reusing existing tab to reduce focus switching: https://www.xiaohongshu.com/search_result?keyword=%E7%9B%8A%E6%99%BA%E5%B0%8F%E6%B8%B8%E6%88%8F&source=web_explore_feed
[cdp]   [cdp_publish] Connecting to ws://127.0.0.1:9222/devtools/page/D3C26FCDF076A8E479DAD4C4F99147C4
[cdp]   [cdp_publish] Connected to Chrome tab.
[cdp]   [cdp_publish] Using cached login status (home, age=651m, ttl=12h).
[cdp]   [cdp_publish] Home login confirmed (cached).
[cdp]   Traceback (most recent call last):
[cdp]   raise TimeoutError(f"timed out in {timeout:.1f}s") from None
[cdp]   TimeoutError: timed out in 15.0s
[cdp]   Traceback (most recent call last):
[cdp]   raise CDPError(
[cdp]   __main__.CDPError: Timed out waiting for CDP response to Runtime.evaluate after 15.0s.
[search] keyword=解谜游戏 sort=最新 raw=0 skipped=0 usable=0 queued=0 rate_limited=False
[queue] empty refilling keyword=游戏推荐 sort=综合 task=9/42 empty_streak=8 seen_feeds=0
[search-wait] 11s before keyword=游戏推荐 sort=综合
[cdp] spawn timeout=180s cmd=--reuse-existing-tab search-feeds --keyword 游戏推荐 --sort-by 综合 --publish-time 半年内 --search-scrolls 4
[cdp] done exit=1 elapsed=15.2s stdout=577 stderr=1833
[warn] search failed keyword=游戏推荐
[cdp] phase=search exit=1 keyword=游戏推荐
[cdp] cmd=--reuse-existing-tab search-feeds --keyword 游戏推荐 --sort-by 综合 --publish-time 半年内 --search-scrolls 4
[cdp]   [cdp_publish] Timing jitter ratio: 0.25
[cdp]   [cdp_publish] Login cache: enabled (ttl=12h).
[cdp]   [cdp_publish] Tab selection mode: prefer reusing existing tab.
[cdp]   [cdp_publish] Reusing existing tab to reduce focus switching: https://www.xiaohongshu.com/search_result?keyword=%E7%9B%8A%E6%99%BA%E5%B0%8F%E6%B8%B8%E6%88%8F&source=web_explore_feed
[cdp]   [cdp_publish] Connecting to ws://127.0.0.1:9222/devtools/page/D3C26FCDF076A8E479DAD4C4F99147C4
[cdp]   [cdp_publish] Connected to Chrome tab.
[cdp]   [cdp_publish] Using cached login status (home, age=652m, ttl=12h).
[cdp]   [cdp_publish] Home login confirmed (cached).
[cdp]   Traceback (most recent call last):
[cdp]   raise TimeoutError(f"timed out in {timeout:.1f}s") from None
[cdp]   TimeoutError: timed out in 15.0s
[cdp]   Traceback (most recent call last):
[cdp]   raise CDPError(
[cdp]   __main__.CDPError: Timed out waiting for CDP response to Runtime.evaluate after 15.0s.
[search] keyword=游戏推荐 sort=综合 raw=0 skipped=0 usable=0 queued=0 rate_limited=False
[queue] empty refilling keyword=游戏推荐 sort=最新 task=10/42 empty_streak=9 seen_feeds=0
[search-wait] 14s before keyword=游戏推荐 sort=最新
[cdp] spawn timeout=180s cmd=--reuse-existing-tab search-feeds --keyword 游戏推荐 --sort-by 最新 --publish-time 半年内 --search-scrolls 4
[cdp] done exit=1 elapsed=0.2s stdout=0 stderr=1447
[warn] search failed keyword=游戏推荐
[cdp] phase=search exit=1 keyword=游戏推荐
[cdp] cmd=--reuse-existing-tab search-feeds --keyword 游戏推荐 --sort-by 最新 --publish-time 半年内 --search-scrolls 4
[cdp]   Traceback (most recent call last):
[cdp]   FileExistsError: [Errno 17] File exists: 'C:\\Users\\Admin\\AppData\\Local\\Temp\\post_to_xhs_publish.lock'
[cdp]   OSError: [WinError 87] 参数错误。
[cdp]   Traceback (most recent call last):
[cdp]   SystemError: <built-in function kill> returned a result with an exception set
[search] keyword=游戏推荐 sort=最新 raw=0 skipped=0 usable=0 queued=0 rate_limited=False
[queue] empty refilling keyword=微信小游戏 sort=综合 task=11/42 empty_streak=10 seen_feeds=0
[search-wait] 14s before keyword=微信小游戏 sort=综合
[cdp] spawn timeout=180s cmd=--reuse-existing-tab search-feeds --keyword 微信小游戏 --sort-by 综合 --publish-time 半年内 --search-scrolls 4
[cdp] done exit=1 elapsed=0.2s stdout=0 stderr=1440
[warn] search failed keyword=微信小游戏
[cdp] phase=search exit=1 keyword=微信小游戏
[cdp] cmd=--reuse-existing-tab search-feeds --keyword 微信小游戏 --sort-by 综合 --publish-time 半年内 --search-scrolls 4
[cdp]   Traceback (most recent call last):
[cdp]   FileExistsError: [Errno 17] File exists: 'C:\\Users\\Admin\\AppData\\Local\\Temp\\post_to_xhs_publish.lock'
[cdp]   OSError: [WinError 87] 参数错误。
[cdp]   Traceback (most recent call last):
[cdp]   SystemError: <class 'OSError'> returned a result with an exception set
[search] keyword=微信小游戏 sort=综合 raw=0 skipped=0 usable=0 queued=0 rate_limited=False
[queue] empty refilling keyword=微信小游戏 sort=最新 task=12/42 empty_streak=11 seen_feeds=0
[search-wait] 14s before keyword=微信小游戏 sort=最新
[cdp] spawn timeout=180s cmd=--reuse-existing-tab search-feeds --keyword 微信小游戏 --sort-by 最新 --publish-time 半年内 --search-scrolls 4
[cdp] done exit=1 elapsed=0.2s stdout=0 stderr=1440
[warn] search failed keyword=微信小游戏
[cdp] phase=search exit=1 keyword=微信小游戏
[cdp] cmd=--reuse-existing-tab search-feeds --keyword 微信小游戏 --sort-by 最新 --publish-time 半年内 --search-scrolls 4
[cdp]   Traceback (most recent call last):
[cdp]   FileExistsError: [Errno 17] File exists: 'C:\\Users\\Admin\\AppData\\Local\\Temp\\post_to_xhs_publish.lock'
[cdp]   OSError: [WinError 87] 参数错误。
[cdp]   Traceback (most recent call last):
[cdp]   SystemError: <class 'OSError'> returned a result with an exception set
[search] keyword=微信小游戏 sort=最新 raw=0 skipped=0 usable=0 queued=0 rate_limited=False
[queue] empty refilling keyword=迷宫游戏 sort=综合 task=13/42 empty_streak=12 seen_feeds=0
[search-wait] 14s before keyword=迷宫游戏 sort=综合
[cdp] spawn timeout=180s cmd=--reuse-existing-tab search-feeds --keyword 迷宫游戏 --sort-by 综合 --publish-time 半年内 --search-scrolls 4
[cdp] done exit=0 elapsed=12.0s stdout=453232 stderr=0
[search-filter] keyword=迷宫游戏 sort=综合 scrolls=4 {'already_commented': 30, 'low_relevance': 35, 'bad_title': 11, 'too_old': 29, 'not_note': 6}
[search] keyword=迷宫游戏 sort=综合 raw=126 skipped=111 usable=15 queued=15 rate_limited=False
[queue] loaded 15 candidates, will post one-by-one before next search
[queue] pop feedId=6a54c7b20000000011016762 remaining=14 title=益智小游戏，数学小游戏
[plan] #1 keyword=迷宫游戏 title=益智小游戏，数学小游戏 comments=0 age=6d score=6 msg=11/微信小游戏 match=5
[post] attempt feedId=6a54c7b20000000011016762 contentLen=42 also_upvote=1
[cdp] spawn timeout=120s cmd=--reuse-existing-tab post-comment-to-feed --feed-id 6a54c7b20000000011016762 --xsec-token(46chars) --content(42chars) --also-upvote
[cdp] done exit=1 elapsed=0.2s stdout=0 stderr=1447
[post] failed feedId=6a54c7b20000000011016762
[cdp] phase=post-fail exit=1 feedId=6a54c7b20000000011016762
[cdp] cmd=--reuse-existing-tab post-comment-to-feed --feed-id 6a54c7b20000000011016762 --xsec-token(46chars) --content(42chars) --also-upvote
[cdp]   Traceback (most recent call last):
[cdp]   FileExistsError: [Errno 17] File exists: 'C:\\Users\\Admin\\AppData\\Local\\Temp\\post_to_xhs_publish.lock'
[cdp]   OSError: [WinError 87] 参数错误。
[cdp]   Traceback (most recent call last):
[cdp]   SystemError: <built-in function kill> returned a result with an exception set
[fail] feedId=6a54c7b20000000011016762 detail_tail=ripts\run_lock.py", line 59, in _cleanup_stale_lock
    if isinstance(pid, int) and _pid_running(pid):
  File "C:\Users\Admin\.agents\skills\redbookskills\scripts\run_lock.py", line 28, in _pid_running
    os.kill(pid, 0)
SystemError: <built-in function kill> returned a result with an exception set

[retry-infra] CDP lock cleared, retry once after 30s
[post] attempt feedId=6a54c7b20000000011016762 contentLen=42 also_upvote=1
[cdp] spawn timeout=120s cmd=--reuse-existing-tab post-comment-to-feed --feed-id 6a54c7b20000000011016762 --xsec-token(46chars) --content(42chars) --also-upvote
[cdp] done exit=0 elapsed=9.2s stdout=1455 stderr=0
[upvote-warn] feedId=6a54c7b20000000011016762 comment ok but like not confirmed upvote={'success': False, 'changed': False, 'state_before': False, 'state_after': False, 'reason': 'interact_bar_not_found'}
[post] success feedId=6a54c7b20000000011016762
[cdp] phase=post-ok exit=0 feedId=6a54c7b20000000011016762
[cdp] cmd=--reuse-existing-tab post-comment-to-feed --feed-id 6a54c7b20000000011016762 --xsec-token(46chars) --content(42chars) --also-upvote
[cdp]   [cdp_publish] Timing jitter ratio: 0.25
[cdp]   [cdp_publish] Login cache: enabled (ttl=12h).
[cdp]   [cdp_publish] Tab selection mode: prefer reusing existing tab.
[cdp]   [cdp_publish] Reusing existing tab to reduce focus switching: https://www.xiaohongshu.com/search_result?keyword=%E5%BE%AE%E4%BF%A1%E5%B0%8F%E6%B8%B8%E6%88%8F&source=web_explore_feed&type=51
[cdp]   [cdp_publish] Connecting to ws://127.0.0.1:9222/devtools/page/D3C26FCDF076A8E479DAD4C4F99147C4
[cdp]   [cdp_publish] Connected to Chrome tab.
[cdp]   [cdp_publish] Using cached login status (home, age=654m, ttl=12h).
[cdp]   [cdp_publish] Home login confirmed (cached).
[cdp]   [cdp_publish] Navigating to https://www.xiaohongshu.com/explore/6a54c7b20000000011016762?xsec_token=ABdaTAdFTlq1Ntqy8uPL7hJal5mM10UD3-qFfgMpzcpPc=&xsec_source=pc_feed
[cdp]   [cdp_publish] Clicking comment input box at (836, 1229)...
[cdp]   [cdp_publish] Clicking comment submit button at (1047, 1285)...
[cdp]   [cdp_publish] Comment posted. feed_id=6a54c7b20000000011016762, length=42
[cdp]   [cdp_publish] Warning: upvote on same page failed. payload={'success': False, 'changed': False, 'state_before': False, 'state_after': False, 'reason': 'interact_bar_not_found'}
[cdp]   POST_COMMENT_RESULT:
[ok] post done after retry (1/30)
[wait] 74s (~1.2min, random 60-120s)
[queue] pop feedId=6a4f4ea20000000011018b90 remaining=13 title=推荐数独游戏：Murdoku
[plan] #2 keyword=迷宫游戏 title=推荐数独游戏：Murdoku comments=9 age=11d score=4 msg=1/求推荐 match=5
[post] attempt feedId=6a4f4ea20000000011018b90 contentLen=55 also_upvote=1
[cdp] spawn timeout=120s cmd=--reuse-existing-tab post-comment-to-feed --feed-id 6a4f4ea20000000011018b90 --xsec-token(46chars) --content(55chars) --also-upvote
[cdp] done exit=0 elapsed=10.2s stdout=2335 stderr=0
[upvote-warn] feedId=6a4f4ea20000000011018b90 comment ok but like not confirmed upvote={'success': False, 'changed': False, 'state_before': False, 'state_after': False}
[post] success feedId=6a4f4ea20000000011018b90
[cdp] phase=post-ok exit=0 feedId=6a4f4ea20000000011018b90
[cdp] cmd=--reuse-existing-tab post-comment-to-feed --feed-id 6a4f4ea20000000011018b90 --xsec-token(46chars) --content(55chars) --also-upvote
[cdp]   [cdp_publish] Login cache: enabled (ttl=12h).
[cdp]   [cdp_publish] Tab selection mode: prefer reusing existing tab.
[cdp]   [cdp_publish] Reusing existing tab to reduce focus switching: https://www.xiaohongshu.com/explore/6a4e82f4000000000702b40c?xsec_token=ABa3QG7-NGBN7DoHsb1kCY4usr9j1q4otBgjT-h0Uln7M=&xsec_source=pc_feed
[cdp]   [cdp_publish] Connecting to ws://127.0.0.1:9222/devtools/page/C4885793E9F3D38C4A7F0E09AEBC5819
[cdp]   [cdp_publish] Connected to Chrome tab.
[cdp]   [cdp_publish] Using cached login status (home, age=655m, ttl=12h).
[cdp]   [cdp_publish] Home login confirmed (cached).
[cdp]   [cdp_publish] Navigating to https://www.xiaohongshu.com/explore/6a4f4ea20000000011018b90?xsec_token=ABuwcGkRpPIjq1T8xBjajU_M-rd7b6rEo7rUL_bTMG-3k=&xsec_source=pc_feed
[cdp]   [cdp_publish] Clicking comment input box at (855, 1229)...
[cdp]   [cdp_publish] Clicking comment submit button at (1047, 1229)...
[cdp]   [cdp_publish] Comment posted. feed_id=6a4f4ea20000000011018b90, length=55
[cdp]   [cdp_publish] Clicking note like in interact bar at (950, 1229) hint=interact-container .like-wrapper target=SPAN bar=interactions engage-bar top=1217.3333740234375 left=930.0521240234375 viewport={'w': 1255, 'h': 1289}
[cdp]   [cdp_publish] JS click on like-wrapper, class_after=like-wrapper like-active at=(960.2656669616699, 1229.3333740234375)
[cdp]   [cdp_publish] Warning: note like click did not activate. state_before=False state_after=False likeRoot.class=like-wrapper like-active visual_before={'className': 'like-wrapper like-active', 'ariaPressed': '', 'color': 'rgb(51, 51, 51)', 'svgColor': 'rgb(51, 51, 51)', 'svgHtml': '<span data-v-9403e00c="" class="like-lottie" style="width: 24px; height: 24px;"></span>'} visual_after={'className': 'like-wrapper like-active', 'ariaPressed': '', 'color': 'rgb(51, 51, 51)', 'svgColor': 'rgb(51, 51, 51)', 'svgHtml': '<span data-v-9403e00c="" class="like-lottie" style="width: 24px; height: 24px;"></span>'}
[cdp]   [cdp_publish] Warning: upvote on same page failed. payload={'success': False, 'changed': False, 'state_before': False, 'state_after': False}
[cdp]   POST_COMMENT_RESULT:
[ok] post done (2/30)
[wait] 117s (~1.9min, random 60-120s)
[queue] pop feedId=6a574b8e000000001702dbfd remaining=12 title=『迷宫』圆形迷宫（可下载）
[plan] #3 keyword=迷宫游戏 title=『迷宫』圆形迷宫（可下载） comments=9 age=4d score=2 msg=17/烧脑卡关 match=0
[post] attempt feedId=6a574b8e000000001702dbfd contentLen=41 also_upvote=1
[cdp] spawn timeout=120s cmd=--reuse-existing-tab post-comment-to-feed --feed-id 6a574b8e000000001702dbfd --xsec-token(46chars) --content(41chars) --also-upvote
[cdp] done exit=0 elapsed=11.3s stdout=2335 stderr=0
[upvote-warn] feedId=6a574b8e000000001702dbfd comment ok but like not confirmed upvote={'success': False, 'changed': False, 'state_before': False, 'state_after': False}
[post] success feedId=6a574b8e000000001702dbfd
[cdp] phase=post-ok exit=0 feedId=6a574b8e000000001702dbfd
[cdp] cmd=--reuse-existing-tab post-comment-to-feed --feed-id 6a574b8e000000001702dbfd --xsec-token(46chars) --content(41chars) --also-upvote
[cdp]   [cdp_publish] Login cache: enabled (ttl=12h).
[cdp]   [cdp_publish] Tab selection mode: prefer reusing existing tab.
[cdp]   [cdp_publish] Reusing existing tab to reduce focus switching: https://www.xiaohongshu.com/explore/6a4c64d7000000001603cf37?xsec_token=ABfYhvE6IT6q7RRstf797MNOw-bXEUIj6mn8B0dzSdGEw=&xsec_source=pc_feed
[cdp]   [cdp_publish] Connecting to ws://127.0.0.1:9222/devtools/page/C4885793E9F3D38C4A7F0E09AEBC5819
[cdp]   [cdp_publish] Connected to Chrome tab.
[cdp]   [cdp_publish] Using cached login status (home, age=657m, ttl=12h).
[cdp]   [cdp_publish] Home login confirmed (cached).
[cdp]   [cdp_publish] Navigating to https://www.xiaohongshu.com/explore/6a574b8e000000001702dbfd?xsec_token=ABZIZHoYD7gzNDo590xj4gXsjHePHJU3XwmgcvJHOolOo=&xsec_source=pc_feed
[cdp]   [cdp_publish] Clicking comment input box at (855, 1229)...
[cdp]   [cdp_publish] Clicking comment submit button at (1047, 1229)...
[cdp]   [cdp_publish] Comment posted. feed_id=6a574b8e000000001702dbfd, length=41
[cdp]   [cdp_publish] Clicking note like in interact bar at (958, 1229) hint=interact-container .like-wrapper target=SPAN bar=interactions engage-bar top=1217.3333740234375 left=938.2604370117188 viewport={'w': 1255, 'h': 1289}
[cdp]   [cdp_publish] JS click on like-wrapper, class_after=like-wrapper like-active at=(968.4739799499512, 1229.3333740234375)
[cdp]   [cdp_publish] Warning: note like click did not activate. state_before=False state_after=False likeRoot.class=like-wrapper like-active visual_before={'className': 'like-wrapper like-active', 'ariaPressed': '', 'color': 'rgb(51, 51, 51)', 'svgColor': 'rgb(51, 51, 51)', 'svgHtml': '<span data-v-9403e00c="" class="like-lottie" style="width: 24px; height: 24px;"></span>'} visual_after={'className': 'like-wrapper like-active', 'ariaPressed': '', 'color': 'rgb(51, 51, 51)', 'svgColor': 'rgb(51, 51, 51)', 'svgHtml': '<span data-v-9403e00c="" class="like-lottie" style="width: 24px; height: 24px;"></span>'}
[cdp]   [cdp_publish] Warning: upvote on same page failed. payload={'success': False, 'changed': False, 'state_before': False, 'state_after': False}
[cdp]   POST_COMMENT_RESULT:
[ok] post done (3/30)
[wait] 85s (~1.4min, random 60-120s)
[queue] pop feedId=6a51366800000000150272a8 remaining=11 title=『迷宫』收集工具（可下载）
[skip-dup] feedId=6a51366800000000150272a8 already commented (disk reload before post)
[queue] pop feedId=6a5070cd000000002100809d remaining=10 title=发现个迷宫网站挺有意思
[skip-low] 发现个迷宫网站挺有意思 comments=0
[queue] pop feedId=6a4f980f00000000210210e6 remaining=9 title=『迷宫』逃出生天（可下载）
[skip-dup] feedId=6a4f980f00000000210210e6 already commented (disk reload before post)
[queue] pop feedId=6a4a7fb7000000001702c401 remaining=8 title=『迷宫』简单好玩版③（可下载）
[skip-dup] feedId=6a4a7fb7000000001702c401 already commented (disk reload before post)
[queue] pop feedId=6a4699fb000000000f028272 remaining=7 title=『迷宫』毫无压力版（可下载）
[skip-dup] feedId=6a4699fb000000000f028272 already commented (disk reload before post)
[queue] pop feedId=6a47e06c0000000017028476 remaining=6 title=『迷宫』简单好玩版②（可下载）
[skip-dup] feedId=6a47e06c0000000017028476 already commented (disk reload before post)
[queue] pop feedId=6a40e454000000001603e033 remaining=5 title=最难迷宫
[skip-low] 最难迷宫 comments=1
[queue] pop feedId=6a3a47d2000000000603520d remaining=4 title=迷宫 ⚠️第二张是答案⚠️
[skip-low] 迷宫 ⚠️第二张是答案⚠️ comments=5
[queue] pop feedId=6a375f720000000008002bd0 remaining=3 title=迷宫漫游合集
[skip-low] 迷宫漫游合集 comments=2
[queue] pop feedId=6a259f5d000000003503b8af remaining=2 title=怎么推啊？推箱子的这一关要怎么过啊？
[skip-low] 怎么推啊？推箱子的这一关要怎么过啊？ comments=4
[queue] pop feedId=6a16a41d000000003601a679 remaining=1 title=『今日迷宫』 画出正确的路线，我给你点赞
[skip-low] 『今日迷宫』 画出正确的路线，我给你点赞 comments=5
[queue] pop feedId=6a0b99d4000000003701c564 remaining=0 title=『今日迷宫』此图无解，不用看了。
[plan] #4 keyword=迷宫游戏 title=『今日迷宫』此图无解，不用看了。 comments=17 age=59d score=2 msg=2/求推荐 match=0
[post] attempt feedId=6a0b99d4000000003701c564 contentLen=42 also_upvote=1
[cdp] spawn timeout=120s cmd=--reuse-existing-tab post-comment-to-feed --feed-id 6a0b99d4000000003701c564 --xsec-token(46chars) --content(42chars) --also-upvote
[cdp] done exit=0 elapsed=11.1s stdout=2335 stderr=0
[upvote-warn] feedId=6a0b99d4000000003701c564 comment ok but like not confirmed upvote={'success': False, 'changed': False, 'state_before': False, 'state_after': False}
[post] success feedId=6a0b99d4000000003701c564
[cdp] phase=post-ok exit=0 feedId=6a0b99d4000000003701c564
[cdp] cmd=--reuse-existing-tab post-comment-to-feed --feed-id 6a0b99d4000000003701c564 --xsec-token(46chars) --content(42chars) --also-upvote
[cdp]   [cdp_publish] Login cache: enabled (ttl=12h).
[cdp]   [cdp_publish] Tab selection mode: prefer reusing existing tab.
[cdp]   [cdp_publish] Reusing existing tab to reduce focus switching: https://www.xiaohongshu.com/explore/6a487db50000000021017fc3?xsec_token=ABMKscPzNdE-9DMnF6w1uKzxtWPux7Og4qr33e-w4ZGJo=&xsec_source=pc_feed
[cdp]   [cdp_publish] Connecting to ws://127.0.0.1:9222/devtools/page/C4885793E9F3D38C4A7F0E09AEBC5819
[cdp]   [cdp_publish] Connected to Chrome tab.
[cdp]   [cdp_publish] Using cached login status (home, age=659m, ttl=12h).
[cdp]   [cdp_publish] Home login confirmed (cached).
[cdp]   [cdp_publish] Navigating to https://www.xiaohongshu.com/explore/6a0b99d4000000003701c564?xsec_token=ABWwJzADLoy0nocLBoChmMpxTMgXP2YbYZkXLwONB9pe4=&xsec_source=pc_feed
[cdp]   [cdp_publish] Clicking comment input box at (855, 1229)...
[cdp]   [cdp_publish] Clicking comment submit button at (1047, 1229)...
[cdp]   [cdp_publish] Comment posted. feed_id=6a0b99d4000000003701c564, length=42
[cdp]   [cdp_publish] Clicking note like in interact bar at (958, 1229) hint=interact-container .like-wrapper target=SPAN bar=interactions engage-bar top=1217.3333740234375 left=938.2604370117188 viewport={'w': 1255, 'h': 1289}
[cdp]   [cdp_publish] JS click on like-wrapper, class_after=like-wrapper like-active at=(968.4739799499512, 1229.3333740234375)
[cdp]   [cdp_publish] Warning: note like click did not activate. state_before=False state_after=False likeRoot.class=like-wrapper like-active visual_before={'className': 'like-wrapper like-active', 'ariaPressed': '', 'color': 'rgb(51, 51, 51)', 'svgColor': 'rgb(51, 51, 51)', 'svgHtml': '<span data-v-9403e00c="" class="like-lottie" style="width: 24px; height: 24px;"></span>'} visual_after={'className': 'like-wrapper like-active', 'ariaPressed': '', 'color': 'rgb(51, 51, 51)', 'svgColor': 'rgb(51, 51, 51)', 'svgHtml': '<span data-v-9403e00c="" class="like-lottie" style="width: 24px; height: 24px;"></span>'}
[cdp]   [cdp_publish] Warning: upvote on same page failed. payload={'success': False, 'changed': False, 'state_before': False, 'state_after': False}
[cdp]   POST_COMMENT_RESULT:
[ok] post done (4/30)
[wait] 71s (~1.2min, random 60-120s)
[queue] empty refilling keyword=迷宫游戏 sort=最新 task=14/42 empty_streak=0 seen_feeds=120
[search-wait] 14s before keyword=迷宫游戏 sort=最新
[cdp] spawn timeout=180s cmd=--reuse-existing-tab search-feeds --keyword 迷宫游戏 --sort-by 最新 --publish-time 半年内 --search-scrolls 4
[cdp] done exit=0 elapsed=12.8s stdout=506609 stderr=0
[search-filter] keyword=迷宫游戏 sort=最新 scrolls=4 {'low_relevance': 12, 'not_note': 6, 'already_commented': 15, 'dup_or_empty_id': 38, 'bad_title': 6, 'too_old': 22}
[search] keyword=迷宫游戏 sort=最新 raw=126 skipped=99 usable=27 queued=27 rate_limited=False
[queue] loaded 27 candidates, will post one-by-one before next search
[queue] pop feedId=6a3a98f20000000022017abb remaining=26 title=游戏设计师最喜欢的烧脑游戏！—迷宫
[skip-low] 游戏设计师最喜欢的烧脑游戏！—迷宫 comments=0
[queue] pop feedId=6a59b528000000001c00e14e remaining=25 title=挑战100个不花钱亲子游戏70-走迷宫
[skip-low] 挑战100个不花钱亲子游戏70-走迷宫 comments=0
[queue] pop feedId=6a55f51d000000002103feb8 remaining=24 title=好玩的迷宫游戏
[skip-low] 好玩的迷宫游戏 comments=0
[queue] pop feedId=6a54dde0000000002101ac33 remaining=23 title=🔍 巨可爱的宝藏手绘风游戏❗️迷宫大侦探
[skip-low] 🔍 巨可爱的宝藏手绘风游戏❗️迷宫大侦探 comments=0
[queue] pop feedId=6a4626d60000000007023ec1 remaining=22 title=@所有人，进来玩个小游戏
[skip-low] @所有人，进来玩个小游戏 comments=1
[queue] pop feedId=6a466071000000002103fe11 remaining=21 title=🤩超实用🔥字母迷宫游戏🔥英语启蒙必备🔥
[skip-low] 🤩超实用🔥字母迷宫游戏🔥英语启蒙必备🔥 comments=0
[queue] pop feedId=6a439832000000000f007315 remaining=20 title=今日份分享走迷宫游戏
[skip-low] 今日份分享走迷宫游戏 comments=1
[queue] pop feedId=6a4366530000000006021acb remaining=19 title=益智亲子游戏，根本停不下来！
[skip-low] 益智亲子游戏，根本停不下来！ comments=0
[queue] pop feedId=6a3b6c95000000000603030d remaining=18 title=迷宫游戏(四十二)💎💎💎
[skip-low] 迷宫游戏(四十二)💎💎💎 comments=0
[queue] pop feedId=6a31665f0000000008024872 remaining=17 title=迷宫游戏(四十一)💎💎💎
[skip-low] 迷宫游戏(四十一)💎💎💎 comments=0
[queue] pop feedId=6a5ae328000000001302ffb3 remaining=16 title=81级迷宫
[skip-low] 81级迷宫 comments=7
[queue] pop feedId=6a59d13f000000000f01473f remaining=15 title=3D染色迷宫
[skip-low] 3D染色迷宫 comments=3
[queue] pop feedId=6a5a1022000000000401d075 remaining=14 title=狗狗闯关第八集
[skip-low] 狗狗闯关第八集 comments=0
[queue] pop feedId=6a521dad000000001603c41a remaining=13 title=今天来练专注力：数字迷宫！
[skip-low] 今天来练专注力：数字迷宫！ comments=1
[queue] pop feedId=6a4f4b63000000001503e851 remaining=12 title=称动迷宫
[skip-low] 称动迷宫 comments=0
[queue] pop feedId=6a4b9d6a0000000008030c0c remaining=11 title=5岁女儿沉浸式走迷宫｜《环球世界大冒险》
[skip-low] 5岁女儿沉浸式走迷宫｜《环球世界大冒险》 comments=0
[queue] pop feedId=6a452e480000000008000db8 remaining=10 title=迷宫 ⚠️第二张是答案⚠️
[skip-low] 迷宫 ⚠️第二张是答案⚠️ comments=7
[queue] pop feedId=6a43e462000000000803ed24 remaining=9 title=挑战搭建迷宫
[skip-low] 挑战搭建迷宫 comments=0
[queue] pop feedId=6a37dcfe0000000008003a19 remaining=8 title=专注力练习23  趣味迷宫
[skip-low] 专注力练习23  趣味迷宫 comments=0
[queue] pop feedId=6a2f6c3e0000000006021447 remaining=7 title=趣味互动｜一起来玩个迷宫挑战吧！
[skip-low] 趣味互动｜一起来玩个迷宫挑战吧！ comments=10
[queue] pop feedId=6a2b8173000000001700a1db remaining=6 title=适合3-5岁小朋友的专注力训练法—走迷宫
[skip-low] 适合3-5岁小朋友的专注力训练法—走迷宫 comments=1
[queue] pop feedId=6a25404a0000000035029f21 remaining=5 title=走迷宫！
[skip-low] 走迷宫！ comments=0
[queue] pop feedId=6a2791850000000007029902 remaining=4 title=觉得无聊的可以来我家玩一下迷宫
[skip-low] 觉得无聊的可以来我家玩一下迷宫 comments=5
[queue] pop feedId=6a20131a000000002003b4d6 remaining=3 title=26x26的迷宫走走看
[skip-low] 26x26的迷宫走走看 comments=7
[queue] pop feedId=6a16d6e400000000350241ec remaining=2 title=不思议迷宫 大佬咋这么玩啊？
[skip-low] 不思议迷宫 大佬咋这么玩啊？ comments=2
[queue] pop feedId=6a11c99f000000003700d095 remaining=1 title=迷宫寻宝31-46层BOSS位置！
[skip-low] 迷宫寻宝31-46层BOSS位置！ comments=3
[queue] pop feedId=6a0eddc30000000037036794 remaining=0 title=迷宫寻宝，怎么拿高分小技巧来了！
[skip-low] 迷宫寻宝，怎么拿高分小技巧来了！ comments=10
[queue] empty refilling keyword=逻辑游戏 sort=综合 task=15/42 empty_streak=0 seen_feeds=202
[search-wait] 14s before keyword=逻辑游戏 sort=综合
[cdp] spawn timeout=180s cmd=--reuse-existing-tab search-feeds --keyword 逻辑游戏 --sort-by 综合 --publish-time 半年内 --search-scrolls 4
[cdp] done exit=0 elapsed=12.7s stdout=411676 stderr=0
[search-filter] keyword=逻辑游戏 sort=综合 scrolls=4 {'dup_or_empty_id': 31, 'too_old': 18, 'low_relevance': 25, 'already_commented': 37, 'not_note': 6, 'bad_title': 4, 'bad_publish_date': 1}
[search] keyword=逻辑游戏 sort=综合 raw=126 skipped=122 usable=4 queued=4 rate_limited=False
[queue] loaded 4 candidates, will post one-by-one before next search
[queue] pop feedId=6a3947d3000000002101775e remaining=3 title=《游戏设计师最喜欢的烧脑谜题》—夺命线条
[skip-low] 《游戏设计师最喜欢的烧脑谜题》—夺命线条 comments=4
[queue] pop feedId=6a16bbfa0000000035026418 remaining=2 title=紧张刺激的规则游戏，因果逻辑一学就会！
[skip-low] 紧张刺激的规则游戏，因果逻辑一学就会！ comments=4
[queue] pop feedId=6a54ad1e0000000006032a03 remaining=1 title=解锁建筑：解谜之塔影密语
[skip-low] 解锁建筑：解谜之塔影密语 comments=8
[queue] pop feedId=6a43c1d00000000007024d47 remaining=0 title=着迷地玩了俩小时数独推理！！
[skip-low] 着迷地玩了俩小时数独推理！！ comments=4
[queue] empty refilling keyword=逻辑游戏 sort=最新 task=16/42 empty_streak=0 seen_feeds=291
[search-wait] 9s before keyword=逻辑游戏 sort=最新
[cdp] spawn timeout=180s cmd=--reuse-existing-tab search-feeds --keyword 逻辑游戏 --sort-by 最新 --publish-time 半年内 --search-scrolls 4
[cdp] done exit=0 elapsed=12.6s stdout=385816 stderr=0
[search-filter] keyword=逻辑游戏 sort=最新 scrolls=4 {'dup_or_empty_id': 28, 'already_commented': 27, 'low_relevance': 20, 'not_note': 6, 'bad_title': 5}
[search] keyword=逻辑游戏 sort=最新 raw=108 skipped=86 usable=22 queued=22 rate_limited=False
[queue] loaded 22 candidates, will post one-by-one before next search
[queue] pop feedId=6a438d7a000000002003a0c0 remaining=21 title=🔥专注力训练小游戏｜逻辑思维推理✅
[skip-low] 🔥专注力训练小游戏｜逻辑思维推理✅ comments=0
[queue] pop feedId=6a282316000000000702377d remaining=20 title=求逻辑推理小游戏
[skip-low] 求逻辑推理小游戏 comments=5
[queue] pop feedId=6a5ae583000000001d00ff2c remaining=19 title=逻辑思维小游戏
[skip-low] 逻辑思维小游戏 comments=0
[queue] pop feedId=69e8fec3000000002003becf remaining=18 title=逻辑推理 12 ★★★ 硬币游戏
[skip-low] 逻辑推理 12 ★★★ 硬币游戏 comments=0
[queue] pop feedId=6a4b628b000000001c025cd1 remaining=17 title=简单有趣的逻辑推理训练卡（二）
[skip-low] 简单有趣的逻辑推理训练卡（二） comments=0
[queue] pop feedId=6a58f886000000001d00c10b remaining=16 title=Steam游戏推荐｜异形工厂
[skip-low] Steam游戏推荐｜异形工厂 comments=0
[queue] pop feedId=6a54a92f0000000007025aaf remaining=15 title=推理谜题·考验你的观察力
[skip-low] 推理谜题·考验你的观察力 comments=0
[queue] pop feedId=6a5398a20000000011013cb9 remaining=14 title=推理游戏：找出凶手
[skip-low] 推理游戏：找出凶手 comments=7
[queue] pop feedId=6a4efd820000000021023f22 remaining=13 title=3-6 岁逻辑思维亲子早教游戏-内含答案
[skip-low] 3-6 岁逻辑思维亲子早教游戏-内含答案 comments=0
[queue] pop feedId=6a4de3b00000000008026572 remaining=12 title=逻辑推理65 ★★★★ 寻找营业日
[skip-low] 逻辑推理65 ★★★★ 寻找营业日 comments=2
[queue] pop feedId=6a474d4e0000000016027218 remaining=11 title=逻辑思维游戏书｜40页可打印
[skip-low] 逻辑思维游戏书｜40页可打印 comments=2
[queue] pop feedId=6a35705e00000000110118c6 remaining=10 title=好玩又能训练思维能力的逻辑推理课第二节！
[skip-low] 好玩又能训练思维能力的逻辑推理课第二节！ comments=1
[queue] pop feedId=69e65287000000002202844e remaining=9 title=逻辑推理 9 ★★★★★ 精灵岛
[skip-low] 逻辑推理 9 ★★★★★ 精灵岛 comments=0
[queue] pop feedId=6a2511c0000000000702425e remaining=8 title=逻辑推理48 ★★ 收藏古董
[skip-low] 逻辑推理48 ★★ 收藏古董 comments=0
[queue] pop feedId=6a228063000000003502d01f remaining=7 title=硬核纸笔解谜✍️这游戏居然让我走迷路了？
[skip-low] 硬核纸笔解谜✍️这游戏居然让我走迷路了？ comments=2
[queue] pop feedId=6a214746000000002100b6a9 remaining=6 title=逻辑推理46 ★★★★ 贪婪的村长
[skip-low] 逻辑推理46 ★★★★ 贪婪的村长 comments=0
[queue] pop feedId=6a5752a10000000011019b64 remaining=5 title=烧脑，搞定
[skip-low] 烧脑，搞定 comments=2
[queue] pop feedId=6a542b770000000006031982 remaining=4 title=猫咪数独谜题挑战 07-13
[skip-low] 猫咪数独谜题挑战 07-13 comments=2
[queue] pop feedId=6a52dd1f0000000021021d76 remaining=3 title=猫咪数独谜题挑战07-12
[skip-low] 猫咪数独谜题挑战07-12 comments=4
[queue] pop feedId=6a4f20b3000000000602028f remaining=2 title=📋自制注意力训练｜九宫格推理挑战🧩
[skip-low] 📋自制注意力训练｜九宫格推理挑战🧩 comments=0
[queue] pop feedId=6a4dcc55000000001603e135 remaining=1 title=🎁一些爱玩的益智类好物分享
[skip-low] 🎁一些爱玩的益智类好物分享 comments=1
[queue] pop feedId=6a3d0d09000000001603c28d remaining=0 title=沉迷数字推理事业无法自拔🕵️
[skip-low] 沉迷数字推理事业无法自拔🕵️ comments=1
[queue] empty refilling keyword=休闲小游戏 sort=综合 task=17/42 empty_streak=0 seen_feeds=365
[search-wait] 15s before keyword=休闲小游戏 sort=综合
[cdp] spawn timeout=180s cmd=--reuse-existing-tab search-feeds --keyword 休闲小游戏 --sort-by 综合 --publish-time 半年内 --search-scrolls 4
[cdp] done exit=0 elapsed=6.4s stdout=0 stderr=0
[warn] no search json keyword=休闲小游戏
[cdp] phase=search-no-json exit=0 keyword=休闲小游戏
[cdp] cmd=--reuse-existing-tab search-feeds --keyword 休闲小游戏 --sort-by 综合 --publish-time 半年内 --search-scrolls 4
[search] keyword=休闲小游戏 sort=综合 raw=0 skipped=0 usable=0 queued=0 rate_limited=False
[queue] empty refilling keyword=休闲小游戏 sort=最新 task=18/42 empty_streak=1 seen_feeds=365
[search-wait] 9s before keyword=休闲小游戏 sort=最新
[cdp] spawn timeout=180s cmd=--reuse-existing-tab search-feeds --keyword 休闲小游戏 --sort-by 最新 --publish-time 半年内 --search-scrolls 4
[cdp] done exit=3 elapsed=0.2s stdout=0 stderr=145
[warn] search failed keyword=休闲小游戏
[cdp] phase=search exit=3 keyword=休闲小游戏
[cdp] cmd=--reuse-existing-tab search-feeds --keyword 休闲小游戏 --sort-by 最新 --publish-time 半年内 --search-scrolls 4
[cdp]   Error: Another publish process is running (pid=29736), started at 2026-07-19T16:27:44.153791+00:00. Please wait or terminate it before retrying.
[search] keyword=休闲小游戏 sort=最新 raw=0 skipped=0 usable=0 queued=0 rate_limited=False
[queue] empty refilling keyword=单机小游戏 sort=综合 task=19/42 empty_streak=2 seen_feeds=365
[search-wait] 6s before keyword=单机小游戏 sort=综合
[cdp] spawn timeout=180s cmd=--reuse-existing-tab search-feeds --keyword 单机小游戏 --sort-by 综合 --publish-time 半年内 --search-scrolls 4
[cdp] done exit=3 elapsed=0.2s stdout=0 stderr=145
[warn] search failed keyword=单机小游戏
[cdp] phase=search exit=3 keyword=单机小游戏
[cdp] cmd=--reuse-existing-tab search-feeds --keyword 单机小游戏 --sort-by 综合 --publish-time 半年内 --search-scrolls 4
[cdp]   Error: Another publish process is running (pid=29736), started at 2026-07-19T16:27:44.153791+00:00. Please wait or terminate it before retrying.
[search] keyword=单机小游戏 sort=综合 raw=0 skipped=0 usable=0 queued=0 rate_limited=False
[queue] empty refilling keyword=单机小游戏 sort=最新 task=20/42 empty_streak=3 seen_feeds=365
[search-wait] 9s before keyword=单机小游戏 sort=最新
[cdp] spawn timeout=180s cmd=--reuse-existing-tab search-feeds --keyword 单机小游戏 --sort-by 最新 --publish-time 半年内 --search-scrolls 4
[cdp] done exit=3 elapsed=0.2s stdout=0 stderr=145
[warn] search failed keyword=单机小游戏
[cdp] phase=search exit=3 keyword=单机小游戏
[cdp] cmd=--reuse-existing-tab search-feeds --keyword 单机小游戏 --sort-by 最新 --publish-time 半年内 --search-scrolls 4
[cdp]   Error: Another publish process is running (pid=29736), started at 2026-07-19T16:27:44.153791+00:00. Please wait or terminate it before retrying.
[search] keyword=单机小游戏 sort=最新 raw=0 skipped=0 usable=0 queued=0 rate_limited=False
[queue] empty refilling keyword=解谜小游戏 sort=综合 task=21/42 empty_streak=4 seen_feeds=365
[search-wait] 10s before keyword=解谜小游戏 sort=综合
[cdp] spawn timeout=180s cmd=--reuse-existing-tab search-feeds --keyword 解谜小游戏 --sort-by 综合 --publish-time 半年内 --search-scrolls 4
[cdp] done exit=3 elapsed=0.2s stdout=0 stderr=145
[warn] search failed keyword=解谜小游戏
[cdp] phase=search exit=3 keyword=解谜小游戏
[cdp] cmd=--reuse-existing-tab search-feeds --keyword 解谜小游戏 --sort-by 综合 --publish-time 半年内 --search-scrolls 4
[cdp]   Error: Another publish process is running (pid=29736), started at 2026-07-19T16:27:44.153791+00:00. Please wait or terminate it before retrying.
[search] keyword=解谜小游戏 sort=综合 raw=0 skipped=0 usable=0 queued=0 rate_limited=False
[queue] empty refilling keyword=解谜小游戏 sort=最新 task=22/42 empty_streak=5 seen_feeds=365
[search-wait] 10s before keyword=解谜小游戏 sort=最新
[cdp] spawn timeout=180s cmd=--reuse-existing-tab search-feeds --keyword 解谜小游戏 --sort-by 最新 --publish-time 半年内 --search-scrolls 4
[cdp] done exit=3 elapsed=0.2s stdout=0 stderr=145
[warn] search failed keyword=解谜小游戏
[cdp] phase=search exit=3 keyword=解谜小游戏
[cdp] cmd=--reuse-existing-tab search-feeds --keyword 解谜小游戏 --sort-by 最新 --publish-time 半年内 --search-scrolls 4
[cdp]   Error: Another publish process is running (pid=29736), started at 2026-07-19T16:27:44.153791+00:00. Please wait or terminate it before retrying.
[search] keyword=解谜小游戏 sort=最新 raw=0 skipped=0 usable=0 queued=0 rate_limited=False
[queue] empty refilling keyword=益智游戏推荐 sort=综合 task=23/42 empty_streak=6 seen_feeds=365
[search-wait] 7s before keyword=益智游戏推荐 sort=综合
[cdp] spawn timeout=180s cmd=--reuse-existing-tab search-feeds --keyword 益智游戏推荐 --sort-by 综合 --publish-time 半年内 --search-scrolls 4
[cdp] done exit=3 elapsed=0.2s stdout=0 stderr=145
[warn] search failed keyword=益智游戏推荐
[cdp] phase=search exit=3 keyword=益智游戏推荐
[cdp] cmd=--reuse-existing-tab search-feeds --keyword 益智游戏推荐 --sort-by 综合 --publish-time 半年内 --search-scrolls 4
[cdp]   Error: Another publish process is running (pid=29736), started at 2026-07-19T16:27:44.153791+00:00. Please wait or terminate it before retrying.
[search] keyword=益智游戏推荐 sort=综合 raw=0 skipped=0 usable=0 queued=0 rate_limited=False
[queue] empty refilling keyword=益智游戏推荐 sort=最新 task=24/42 empty_streak=7 seen_feeds=365
[search-wait] 11s before keyword=益智游戏推荐 sort=最新
[cdp] spawn timeout=180s cmd=--reuse-existing-tab search-feeds --keyword 益智游戏推荐 --sort-by 最新 --publish-time 半年内 --search-scrolls 4
[cdp] done exit=3 elapsed=0.2s stdout=0 stderr=145
[warn] search failed keyword=益智游戏推荐
[cdp] phase=search exit=3 keyword=益智游戏推荐
[cdp] cmd=--reuse-existing-tab search-feeds --keyword 益智游戏推荐 --sort-by 最新 --publish-time 半年内 --search-scrolls 4
[cdp]   Error: Another publish process is running (pid=29736), started at 2026-07-19T16:27:44.153791+00:00. Please wait or terminate it before retrying.
[search] keyword=益智游戏推荐 sort=最新 raw=0 skipped=0 usable=0 queued=0 rate_limited=False
[queue] empty refilling keyword=烧脑游戏推荐 sort=综合 task=25/42 empty_streak=8 seen_feeds=365
[search-wait] 7s before keyword=烧脑游戏推荐 sort=综合
[cdp] spawn timeout=180s cmd=--reuse-existing-tab search-feeds --keyword 烧脑游戏推荐 --sort-by 综合 --publish-time 半年内 --search-scrolls 4
[cdp] done exit=3 elapsed=0.2s stdout=0 stderr=145
[warn] search failed keyword=烧脑游戏推荐
[cdp] phase=search exit=3 keyword=烧脑游戏推荐
[cdp] cmd=--reuse-existing-tab search-feeds --keyword 烧脑游戏推荐 --sort-by 综合 --publish-time 半年内 --search-scrolls 4
[cdp]   Error: Another publish process is running (pid=29736), started at 2026-07-19T16:27:44.153791+00:00. Please wait or terminate it before retrying.
[search] keyword=烧脑游戏推荐 sort=综合 raw=0 skipped=0 usable=0 queued=0 rate_limited=False
[queue] empty refilling keyword=烧脑游戏推荐 sort=最新 task=26/42 empty_streak=9 seen_feeds=365
[search-wait] 13s before keyword=烧脑游戏推荐 sort=最新
[cdp] spawn timeout=180s cmd=--reuse-existing-tab search-feeds --keyword 烧脑游戏推荐 --sort-by 最新 --publish-time 半年内 --search-scrolls 4
[cdp] done exit=3 elapsed=0.2s stdout=0 stderr=145
[warn] search failed keyword=烧脑游戏推荐
[cdp] phase=search exit=3 keyword=烧脑游戏推荐
[cdp] cmd=--reuse-existing-tab search-feeds --keyword 烧脑游戏推荐 --sort-by 最新 --publish-time 半年内 --search-scrolls 4
[cdp]   Error: Another publish process is running (pid=29736), started at 2026-07-19T16:27:44.153791+00:00. Please wait or terminate it before retrying.
[search] keyword=烧脑游戏推荐 sort=最新 raw=0 skipped=0 usable=0 queued=0 rate_limited=False
[queue] empty refilling keyword=打发时间小游戏 sort=综合 task=27/42 empty_streak=10 seen_feeds=365
[search-wait] 14s before keyword=打发时间小游戏 sort=综合
[cdp] spawn timeout=180s cmd=--reuse-existing-tab search-feeds --keyword 打发时间小游戏 --sort-by 综合 --publish-time 半年内 --search-scrolls 4
[cdp] done exit=3 elapsed=0.2s stdout=0 stderr=145
[warn] search failed keyword=打发时间小游戏
[cdp] phase=search exit=3 keyword=打发时间小游戏
[cdp] cmd=--reuse-existing-tab search-feeds --keyword 打发时间小游戏 --sort-by 综合 --publish-time 半年内 --search-scrolls 4
[cdp]   Error: Another publish process is running (pid=29736), started at 2026-07-19T16:27:44.153791+00:00. Please wait or terminate it before retrying.
[search] keyword=打发时间小游戏 sort=综合 raw=0 skipped=0 usable=0 queued=0 rate_limited=False
[queue] empty refilling keyword=打发时间小游戏 sort=最新 task=28/42 empty_streak=11 seen_feeds=365
[search-wait] 11s before keyword=打发时间小游戏 sort=最新
[cdp] spawn timeout=180s cmd=--reuse-existing-tab search-feeds --keyword 打发时间小游戏 --sort-by 最新 --publish-time 半年内 --search-scrolls 4
[cdp] done exit=3 elapsed=0.2s stdout=0 stderr=145
[warn] search failed keyword=打发时间小游戏
[cdp] phase=search exit=3 keyword=打发时间小游戏
[cdp] cmd=--reuse-existing-tab search-feeds --keyword 打发时间小游戏 --sort-by 最新 --publish-time 半年内 --search-scrolls 4
[cdp]   Error: Another publish process is running (pid=29736), started at 2026-07-19T16:27:44.153791+00:00. Please wait or terminate it before retrying.
[search] keyword=打发时间小游戏 sort=最新 raw=0 skipped=0 usable=0 queued=0 rate_limited=False
[queue] empty refilling keyword=闯关游戏 sort=综合 task=29/42 empty_streak=12 seen_feeds=365
[search-wait] 13s before keyword=闯关游戏 sort=综合
[cdp] spawn timeout=180s cmd=--reuse-existing-tab search-feeds --keyword 闯关游戏 --sort-by 综合 --publish-time 半年内 --search-scrolls 4
[cdp] done exit=3 elapsed=0.2s stdout=0 stderr=145
[warn] search failed keyword=闯关游戏
[cdp] phase=search exit=3 keyword=闯关游戏
[cdp] cmd=--reuse-existing-tab search-feeds --keyword 闯关游戏 --sort-by 综合 --publish-time 半年内 --search-scrolls 4
[cdp]   Error: Another publish process is running (pid=29736), started at 2026-07-19T16:27:44.153791+00:00. Please wait or terminate it before retrying.
[search] keyword=闯关游戏 sort=综合 raw=0 skipped=0 usable=0 queued=0 rate_limited=False
[queue] empty refilling keyword=闯关游戏 sort=最新 task=30/42 empty_streak=13 seen_feeds=365
[search-wait] 5s before keyword=闯关游戏 sort=最新
[cdp] spawn timeout=180s cmd=--reuse-existing-tab search-feeds --keyword 闯关游戏 --sort-by 最新 --publish-time 半年内 --search-scrolls 4
[cdp] done exit=3 elapsed=0.2s stdout=0 stderr=145
[warn] search failed keyword=闯关游戏
[cdp] phase=search exit=3 keyword=闯关游戏
[cdp] cmd=--reuse-existing-tab search-feeds --keyword 闯关游戏 --sort-by 最新 --publish-time 半年内 --search-scrolls 4
[cdp]   Error: Another publish process is running (pid=29736), started at 2026-07-19T16:27:44.153791+00:00. Please wait or terminate it before retrying.
[search] keyword=闯关游戏 sort=最新 raw=0 skipped=0 usable=0 queued=0 rate_limited=False
[queue] empty refilling keyword=推理游戏 sort=综合 task=31/42 empty_streak=14 seen_feeds=365
[search-wait] 10s before keyword=推理游戏 sort=综合
[cdp] spawn timeout=180s cmd=--reuse-existing-tab search-feeds --keyword 推理游戏 --sort-by 综合 --publish-time 半年内 --search-scrolls 4
[cdp] done exit=3 elapsed=0.2s stdout=0 stderr=145
[warn] search failed keyword=推理游戏
[cdp] phase=search exit=3 keyword=推理游戏
[cdp] cmd=--reuse-existing-tab search-feeds --keyword 推理游戏 --sort-by 综合 --publish-time 半年内 --search-scrolls 4
[cdp]   Error: Another publish process is running (pid=29736), started at 2026-07-19T16:27:44.153791+00:00. Please wait or terminate it before retrying.
[search] keyword=推理游戏 sort=综合 raw=0 skipped=0 usable=0 queued=0 rate_limited=False
[queue] empty refilling keyword=推理游戏 sort=最新 task=32/42 empty_streak=15 seen_feeds=365
[search-wait] 14s before keyword=推理游戏 sort=最新
[cdp] spawn timeout=180s cmd=--reuse-existing-tab search-feeds --keyword 推理游戏 --sort-by 最新 --publish-time 半年内 --search-scrolls 4
[cdp] done exit=3 elapsed=0.2s stdout=0 stderr=145
[warn] search failed keyword=推理游戏
[cdp] phase=search exit=3 keyword=推理游戏
[cdp] cmd=--reuse-existing-tab search-feeds --keyword 推理游戏 --sort-by 最新 --publish-time 半年内 --search-scrolls 4
[cdp]   Error: Another publish process is running (pid=29736), started at 2026-07-19T16:27:44.153791+00:00. Please wait or terminate it before retrying.
[search] keyword=推理游戏 sort=最新 raw=0 skipped=0 usable=0 queued=0 rate_limited=False
[queue] empty refilling keyword=脑力游戏 sort=综合 task=33/42 empty_streak=16 seen_feeds=365
[search-wait] 5s before keyword=脑力游戏 sort=综合
[cdp] spawn timeout=180s cmd=--reuse-existing-tab search-feeds --keyword 脑力游戏 --sort-by 综合 --publish-time 半年内 --search-scrolls 4
[cdp] done exit=3 elapsed=0.2s stdout=0 stderr=145
[warn] search failed keyword=脑力游戏
[cdp] phase=search exit=3 keyword=脑力游戏
[cdp] cmd=--reuse-existing-tab search-feeds --keyword 脑力游戏 --sort-by 综合 --publish-time 半年内 --search-scrolls 4
[cdp]   Error: Another publish process is running (pid=29736), started at 2026-07-19T16:27:44.153791+00:00. Please wait or terminate it before retrying.
[search] keyword=脑力游戏 sort=综合 raw=0 skipped=0 usable=0 queued=0 rate_limited=False
[queue] empty refilling keyword=脑力游戏 sort=最新 task=34/42 empty_streak=17 seen_feeds=365
[search-wait] 15s before keyword=脑力游戏 sort=最新
[cdp] spawn timeout=180s cmd=--reuse-existing-tab search-feeds --keyword 脑力游戏 --sort-by 最新 --publish-time 半年内 --search-scrolls 4
[cdp] done exit=3 elapsed=0.2s stdout=0 stderr=145
[warn] search failed keyword=脑力游戏
[cdp] phase=search exit=3 keyword=脑力游戏
[cdp] cmd=--reuse-existing-tab search-feeds --keyword 脑力游戏 --sort-by 最新 --publish-time 半年内 --search-scrolls 4
[cdp]   Error: Another publish process is running (pid=29736), started at 2026-07-19T16:27:44.153791+00:00. Please wait or terminate it before retrying.
[search] keyword=脑力游戏 sort=最新 raw=0 skipped=0 usable=0 queued=0 rate_limited=False
[queue] empty refilling keyword=光学解谜 sort=综合 task=35/42 empty_streak=18 seen_feeds=365
[search-wait] 5s before keyword=光学解谜 sort=综合
[cdp] spawn timeout=180s cmd=--reuse-existing-tab search-feeds --keyword 光学解谜 --sort-by 综合 --publish-time 半年内 --search-scrolls 4
[cdp] done exit=3 elapsed=0.2s stdout=0 stderr=145
[warn] search failed keyword=光学解谜
[cdp] phase=search exit=3 keyword=光学解谜
[cdp] cmd=--reuse-existing-tab search-feeds --keyword 光学解谜 --sort-by 综合 --publish-time 半年内 --search-scrolls 4
[cdp]   Error: Another publish process is running (pid=29736), started at 2026-07-19T16:27:44.153791+00:00. Please wait or terminate it before retrying.
[search] keyword=光学解谜 sort=综合 raw=0 skipped=0 usable=0 queued=0 rate_limited=False
[queue] empty refilling keyword=光学解谜 sort=最新 task=36/42 empty_streak=19 seen_feeds=365
[search-wait] 6s before keyword=光学解谜 sort=最新
[cdp] spawn timeout=180s cmd=--reuse-existing-tab search-feeds --keyword 光学解谜 --sort-by 最新 --publish-time 半年内 --search-scrolls 4
[cdp] done exit=3 elapsed=0.2s stdout=0 stderr=145
[warn] search failed keyword=光学解谜
[cdp] phase=search exit=3 keyword=光学解谜
[cdp] cmd=--reuse-existing-tab search-feeds --keyword 光学解谜 --sort-by 最新 --publish-time 半年内 --search-scrolls 4
[cdp]   Error: Another publish process is running (pid=29736), started at 2026-07-19T16:27:44.153791+00:00. Please wait or terminate it before retrying.
[search] keyword=光学解谜 sort=最新 raw=0 skipped=0 usable=0 queued=0 rate_limited=False
[queue] empty refilling keyword=光线迷宫 sort=综合 task=37/42 empty_streak=20 seen_feeds=365
[search-wait] 6s before keyword=光线迷宫 sort=综合
[cdp] spawn timeout=180s cmd=--reuse-existing-tab search-feeds --keyword 光线迷宫 --sort-by 综合 --publish-time 半年内 --search-scrolls 4
[cdp] done exit=3 elapsed=0.2s stdout=0 stderr=145
[warn] search failed keyword=光线迷宫
[cdp] phase=search exit=3 keyword=光线迷宫
[cdp] cmd=--reuse-existing-tab search-feeds --keyword 光线迷宫 --sort-by 综合 --publish-time 半年内 --search-scrolls 4
[cdp]   Error: Another publish process is running (pid=29736), started at 2026-07-19T16:27:44.153791+00:00. Please wait or terminate it before retrying.
[search] keyword=光线迷宫 sort=综合 raw=0 skipped=0 usable=0 queued=0 rate_limited=False
[queue] empty refilling keyword=光线迷宫 sort=最新 task=38/42 empty_streak=21 seen_feeds=365
[search-wait] 10s before keyword=光线迷宫 sort=最新
[cdp] spawn timeout=180s cmd=--reuse-existing-tab search-feeds --keyword 光线迷宫 --sort-by 最新 --publish-time 半年内 --search-scrolls 4
[cdp] done exit=3 elapsed=0.2s stdout=0 stderr=145
[warn] search failed keyword=光线迷宫
[cdp] phase=search exit=3 keyword=光线迷宫
[cdp] cmd=--reuse-existing-tab search-feeds --keyword 光线迷宫 --sort-by 最新 --publish-time 半年内 --search-scrolls 4
[cdp]   Error: Another publish process is running (pid=29736), started at 2026-07-19T16:27:44.153791+00:00. Please wait or terminate it before retrying.
[search] keyword=光线迷宫 sort=最新 raw=0 skipped=0 usable=0 queued=0 rate_limited=False
[queue] empty refilling keyword=微信游戏推荐 sort=综合 task=39/42 empty_streak=22 seen_feeds=365
[search-wait] 14s before keyword=微信游戏推荐 sort=综合
[cdp] spawn timeout=180s cmd=--reuse-existing-tab search-feeds --keyword 微信游戏推荐 --sort-by 综合 --publish-time 半年内 --search-scrolls 4
[cdp] done exit=3 elapsed=0.2s stdout=0 stderr=145
[warn] search failed keyword=微信游戏推荐
[cdp] phase=search exit=3 keyword=微信游戏推荐
[cdp] cmd=--reuse-existing-tab search-feeds --keyword 微信游戏推荐 --sort-by 综合 --publish-time 半年内 --search-scrolls 4
[cdp]   Error: Another publish process is running (pid=29736), started at 2026-07-19T16:27:44.153791+00:00. Please wait or terminate it before retrying.
[search] keyword=微信游戏推荐 sort=综合 raw=0 skipped=0 usable=0 queued=0 rate_limited=False
[queue] empty refilling keyword=微信游戏推荐 sort=最新 task=40/42 empty_streak=23 seen_feeds=365
[search-wait] 12s before keyword=微信游戏推荐 sort=最新
[cdp] spawn timeout=180s cmd=--reuse-existing-tab search-feeds --keyword 微信游戏推荐 --sort-by 最新 --publish-time 半年内 --search-scrolls 4
[cdp] done exit=3 elapsed=0.2s stdout=0 stderr=145
[warn] search failed keyword=微信游戏推荐
[cdp] phase=search exit=3 keyword=微信游戏推荐
[cdp] cmd=--reuse-existing-tab search-feeds --keyword 微信游戏推荐 --sort-by 最新 --publish-time 半年内 --search-scrolls 4
[cdp]   Error: Another publish process is running (pid=29736), started at 2026-07-19T16:27:44.153791+00:00. Please wait or terminate it before retrying.
[search] keyword=微信游戏推荐 sort=最新 raw=0 skipped=0 usable=0 queued=0 rate_limited=False
[queue] empty refilling keyword=小游戏安利 sort=综合 task=41/42 empty_streak=24 seen_feeds=365
[search-wait] 14s before keyword=小游戏安利 sort=综合
[cdp] spawn timeout=180s cmd=--reuse-existing-tab search-feeds --keyword 小游戏安利 --sort-by 综合 --publish-time 半年内 --search-scrolls 4
[cdp] done exit=3 elapsed=0.2s stdout=0 stderr=145
[warn] search failed keyword=小游戏安利
[cdp] phase=search exit=3 keyword=小游戏安利
[cdp] cmd=--reuse-existing-tab search-feeds --keyword 小游戏安利 --sort-by 综合 --publish-time 半年内 --search-scrolls 4
[cdp]   Error: Another publish process is running (pid=29736), started at 2026-07-19T16:27:44.153791+00:00. Please wait or terminate it before retrying.
[search] keyword=小游戏安利 sort=综合 raw=0 skipped=0 usable=0 queued=0 rate_limited=False
[queue] empty refilling keyword=小游戏安利 sort=最新 task=42/42 empty_streak=25 seen_feeds=365
[search-wait] 5s before keyword=小游戏安利 sort=最新
[cdp] spawn timeout=180s cmd=--reuse-existing-tab search-feeds --keyword 小游戏安利 --sort-by 最新 --publish-time 半年内 --search-scrolls 4
[cdp] done exit=3 elapsed=0.2s stdout=0 stderr=145
[warn] search failed keyword=小游戏安利
[cdp] phase=search exit=3 keyword=小游戏安利
[cdp] cmd=--reuse-existing-tab search-feeds --keyword 小游戏安利 --sort-by 最新 --publish-time 半年内 --search-scrolls 4
[cdp]   Error: Another publish process is running (pid=29736), started at 2026-07-19T16:27:44.153791+00:00. Please wait or terminate it before retrying.
[search] keyword=小游戏安利 sort=最新 raw=0 skipped=0 usable=0 queued=0 rate_limited=False
[queue] empty refilling keyword=益智小游戏 sort=综合 task=43/42 empty_streak=26 seen_feeds=365
[search-wait] 6s before keyword=益智小游戏 sort=综合
[cdp] spawn timeout=180s cmd=--reuse-existing-tab search-feeds --keyword 益智小游戏 --sort-by 综合 --publish-time 半年内 --search-scrolls 4
[cdp] done exit=3 elapsed=0.2s stdout=0 stderr=145
[warn] search failed keyword=益智小游戏
[cdp] phase=search exit=3 keyword=益智小游戏
[cdp] cmd=--reuse-existing-tab search-feeds --keyword 益智小游戏 --sort-by 综合 --publish-time 半年内 --search-scrolls 4
[cdp]   Error: Another publish process is running (pid=29736), started at 2026-07-19T16:27:44.153791+00:00. Please wait or terminate it before retrying.
[search] keyword=益智小游戏 sort=综合 raw=0 skipped=0 usable=0 queued=0 rate_limited=False
[queue] empty refilling keyword=益智小游戏 sort=最新 task=44/42 empty_streak=27 seen_feeds=365
[search-wait] 6s before keyword=益智小游戏 sort=最新
[cdp] spawn timeout=180s cmd=--reuse-existing-tab search-feeds --keyword 益智小游戏 --sort-by 最新 --publish-time 半年内 --search-scrolls 4
[cdp] done exit=3 elapsed=0.2s stdout=0 stderr=145
[warn] search failed keyword=益智小游戏
[cdp] phase=search exit=3 keyword=益智小游戏
[cdp] cmd=--reuse-existing-tab search-feeds --keyword 益智小游戏 --sort-by 最新 --publish-time 半年内 --search-scrolls 4
[cdp]   Error: Another publish process is running (pid=29736), started at 2026-07-19T16:27:44.153791+00:00. Please wait or terminate it before retrying.
[search] keyword=益智小游戏 sort=最新 raw=0 skipped=0 usable=0 queued=0 rate_limited=False
[queue] empty refilling keyword=烧脑小游戏 sort=综合 task=45/42 empty_streak=28 seen_feeds=365
[search-wait] 15s before keyword=烧脑小游戏 sort=综合
[cdp] spawn timeout=180s cmd=--reuse-existing-tab search-feeds --keyword 烧脑小游戏 --sort-by 综合 --publish-time 半年内 --search-scrolls 4
[cdp] done exit=3 elapsed=0.2s stdout=0 stderr=145
[warn] search failed keyword=烧脑小游戏
[cdp] phase=search exit=3 keyword=烧脑小游戏
[cdp] cmd=--reuse-existing-tab search-feeds --keyword 烧脑小游戏 --sort-by 综合 --publish-time 半年内 --search-scrolls 4
[cdp]   Error: Another publish process is running (pid=29736), started at 2026-07-19T16:27:44.153791+00:00. Please wait or terminate it before retrying.
[search] keyword=烧脑小游戏 sort=综合 raw=0 skipped=0 usable=0 queued=0 rate_limited=False
[queue] empty refilling keyword=烧脑小游戏 sort=最新 task=46/42 empty_streak=29 seen_feeds=365
[search-wait] 10s before keyword=烧脑小游戏 sort=最新
[cdp] spawn timeout=180s cmd=--reuse-existing-tab search-feeds --keyword 烧脑小游戏 --sort-by 最新 --publish-time 半年内 --search-scrolls 4
[cdp] done exit=3 elapsed=0.2s stdout=0 stderr=145
[warn] search failed keyword=烧脑小游戏
[cdp] phase=search exit=3 keyword=烧脑小游戏
[cdp] cmd=--reuse-existing-tab search-feeds --keyword 烧脑小游戏 --sort-by 最新 --publish-time 半年内 --search-scrolls 4
[cdp]   Error: Another publish process is running (pid=29736), started at 2026-07-19T16:27:44.153791+00:00. Please wait or terminate it before retrying.
[search] keyword=烧脑小游戏 sort=最新 raw=0 skipped=0 usable=0 queued=0 rate_limited=False
[queue] empty refilling keyword=推箱子 sort=综合 task=47/42 empty_streak=30 seen_feeds=365
[search-wait] 7s before keyword=推箱子 sort=综合
[cdp] spawn timeout=180s cmd=--reuse-existing-tab search-feeds --keyword 推箱子 --sort-by 综合 --publish-time 半年内 --search-scrolls 4
[cdp] done exit=3 elapsed=0.2s stdout=0 stderr=145
[warn] search failed keyword=推箱子
[cdp] phase=search exit=3 keyword=推箱子
[cdp] cmd=--reuse-existing-tab search-feeds --keyword 推箱子 --sort-by 综合 --publish-time 半年内 --search-scrolls 4
[cdp]   Error: Another publish process is running (pid=29736), started at 2026-07-19T16:27:44.153791+00:00. Please wait or terminate it before retrying.
[search] keyword=推箱子 sort=综合 raw=0 skipped=0 usable=0 queued=0 rate_limited=False
[queue] empty refilling keyword=推箱子 sort=最新 task=48/42 empty_streak=31 seen_feeds=365
[search-wait] 8s before keyword=推箱子 sort=最新
[cdp] spawn timeout=180s cmd=--reuse-existing-tab search-feeds --keyword 推箱子 --sort-by 最新 --publish-time 半年内 --search-scrolls 4
[cdp] done exit=3 elapsed=0.2s stdout=0 stderr=145
[warn] search failed keyword=推箱子
[cdp] phase=search exit=3 keyword=推箱子
[cdp] cmd=--reuse-existing-tab search-feeds --keyword 推箱子 --sort-by 最新 --publish-time 半年内 --search-scrolls 4
[cdp]   Error: Another publish process is running (pid=29736), started at 2026-07-19T16:27:44.153791+00:00. Please wait or terminate it before retrying.
[search] keyword=推箱子 sort=最新 raw=0 skipped=0 usable=0 queued=0 rate_limited=False
[queue] empty refilling keyword=解谜游戏 sort=综合 task=49/42 empty_streak=32 seen_feeds=365
[search-wait] 13s before keyword=解谜游戏 sort=综合
[cdp] spawn timeout=180s cmd=--reuse-existing-tab search-feeds --keyword 解谜游戏 --sort-by 综合 --publish-time 半年内 --search-scrolls 4
[cdp] done exit=3 elapsed=0.2s stdout=0 stderr=145
[warn] search failed keyword=解谜游戏
[cdp] phase=search exit=3 keyword=解谜游戏
[cdp] cmd=--reuse-existing-tab search-feeds --keyword 解谜游戏 --sort-by 综合 --publish-time 半年内 --search-scrolls 4
[cdp]   Error: Another publish process is running (pid=29736), started at 2026-07-19T16:27:44.153791+00:00. Please wait or terminate it before retrying.
[search] keyword=解谜游戏 sort=综合 raw=0 skipped=0 usable=0 queued=0 rate_limited=False
[queue] empty refilling keyword=解谜游戏 sort=最新 task=50/42 empty_streak=33 seen_feeds=365
[search-wait] 11s before keyword=解谜游戏 sort=最新
[cdp] spawn timeout=180s cmd=--reuse-existing-tab search-feeds --keyword 解谜游戏 --sort-by 最新 --publish-time 半年内 --search-scrolls 4
[cdp] done exit=3 elapsed=0.2s stdout=0 stderr=145
[warn] search failed keyword=解谜游戏
[cdp] phase=search exit=3 keyword=解谜游戏
[cdp] cmd=--reuse-existing-tab search-feeds --keyword 解谜游戏 --sort-by 最新 --publish-time 半年内 --search-scrolls 4
[cdp]   Error: Another publish process is running (pid=29736), started at 2026-07-19T16:27:44.153791+00:00. Please wait or terminate it before retrying.
[search] keyword=解谜游戏 sort=最新 raw=0 skipped=0 usable=0 queued=0 rate_limited=False
[queue] empty refilling keyword=游戏推荐 sort=综合 task=51/42 empty_streak=34 seen_feeds=365
[search-wait] 7s before keyword=游戏推荐 sort=综合
[cdp] spawn timeout=180s cmd=--reuse-existing-tab search-feeds --keyword 游戏推荐 --sort-by 综合 --publish-time 半年内 --search-scrolls 4
[cdp] done exit=3 elapsed=0.2s stdout=0 stderr=145
[warn] search failed keyword=游戏推荐
[cdp] phase=search exit=3 keyword=游戏推荐
[cdp] cmd=--reuse-existing-tab search-feeds --keyword 游戏推荐 --sort-by 综合 --publish-time 半年内 --search-scrolls 4
[cdp]   Error: Another publish process is running (pid=29736), started at 2026-07-19T16:27:44.153791+00:00. Please wait or terminate it before retrying.
[search] keyword=游戏推荐 sort=综合 raw=0 skipped=0 usable=0 queued=0 rate_limited=False
[queue] empty refilling keyword=游戏推荐 sort=最新 task=52/42 empty_streak=35 seen_feeds=365
[search-wait] 14s before keyword=游戏推荐 sort=最新
[cdp] spawn timeout=180s cmd=--reuse-existing-tab search-feeds --keyword 游戏推荐 --sort-by 最新 --publish-time 半年内 --search-scrolls 4
[cdp] done exit=3 elapsed=0.2s stdout=0 stderr=145
[warn] search failed keyword=游戏推荐
[cdp] phase=search exit=3 keyword=游戏推荐
[cdp] cmd=--reuse-existing-tab search-feeds --keyword 游戏推荐 --sort-by 最新 --publish-time 半年内 --search-scrolls 4
[cdp]   Error: Another publish process is running (pid=29736), started at 2026-07-19T16:27:44.153791+00:00. Please wait or terminate it before retrying.
[search] keyword=游戏推荐 sort=最新 raw=0 skipped=0 usable=0 queued=0 rate_limited=False
[queue] empty refilling keyword=微信小游戏 sort=综合 task=53/42 empty_streak=36 seen_feeds=365
[search-wait] 10s before keyword=微信小游戏 sort=综合
[cdp] spawn timeout=180s cmd=--reuse-existing-tab search-feeds --keyword 微信小游戏 --sort-by 综合 --publish-time 半年内 --search-scrolls 4
[cdp] done exit=3 elapsed=0.2s stdout=0 stderr=145
[warn] search failed keyword=微信小游戏
[cdp] phase=search exit=3 keyword=微信小游戏
[cdp] cmd=--reuse-existing-tab search-feeds --keyword 微信小游戏 --sort-by 综合 --publish-time 半年内 --search-scrolls 4
[cdp]   Error: Another publish process is running (pid=29736), started at 2026-07-19T16:27:44.153791+00:00. Please wait or terminate it before retrying.
[search] keyword=微信小游戏 sort=综合 raw=0 skipped=0 usable=0 queued=0 rate_limited=False
[queue] empty refilling keyword=微信小游戏 sort=最新 task=54/42 empty_streak=37 seen_feeds=365
[search-wait] 14s before keyword=微信小游戏 sort=最新
[cdp] spawn timeout=180s cmd=--reuse-existing-tab search-feeds --keyword 微信小游戏 --sort-by 最新 --publish-time 半年内 --search-scrolls 4
[cdp] done exit=3 elapsed=0.2s stdout=0 stderr=145
[warn] search failed keyword=微信小游戏
[cdp] phase=search exit=3 keyword=微信小游戏
[cdp] cmd=--reuse-existing-tab search-feeds --keyword 微信小游戏 --sort-by 最新 --publish-time 半年内 --search-scrolls 4
[cdp]   Error: Another publish process is running (pid=29736), started at 2026-07-19T16:27:44.153791+00:00. Please wait or terminate it before retrying.
[search] keyword=微信小游戏 sort=最新 raw=0 skipped=0 usable=0 queued=0 rate_limited=False
[queue] empty refilling keyword=迷宫游戏 sort=综合 task=55/42 empty_streak=38 seen_feeds=365
[search-wait] 11s before keyword=迷宫游戏 sort=综合
[cdp] spawn timeout=180s cmd=--reuse-existing-tab search-feeds --keyword 迷宫游戏 --sort-by 综合 --publish-time 半年内 --search-scrolls 4
[cdp] done exit=3 elapsed=0.2s stdout=0 stderr=145
[warn] search failed keyword=迷宫游戏
[cdp] phase=search exit=3 keyword=迷宫游戏
[cdp] cmd=--reuse-existing-tab search-feeds --keyword 迷宫游戏 --sort-by 综合 --publish-time 半年内 --search-scrolls 4
[cdp]   Error: Another publish process is running (pid=29736), started at 2026-07-19T16:27:44.153791+00:00. Please wait or terminate it before retrying.
[search] keyword=迷宫游戏 sort=综合 raw=0 skipped=0 usable=0 queued=0 rate_limited=False
[queue] empty refilling keyword=迷宫游戏 sort=最新 task=56/42 empty_streak=39 seen_feeds=365
[search-wait] 8s before keyword=迷宫游戏 sort=最新
[cdp] spawn timeout=180s cmd=--reuse-existing-tab search-feeds --keyword 迷宫游戏 --sort-by 最新 --publish-time 半年内 --search-scrolls 4
[cdp] done exit=3 elapsed=0.2s stdout=0 stderr=145
[warn] search failed keyword=迷宫游戏
[cdp] phase=search exit=3 keyword=迷宫游戏
[cdp] cmd=--reuse-existing-tab search-feeds --keyword 迷宫游戏 --sort-by 最新 --publish-time 半年内 --search-scrolls 4
[cdp]   Error: Another publish process is running (pid=29736), started at 2026-07-19T16:27:44.153791+00:00. Please wait or terminate it before retrying.
[search] keyword=迷宫游戏 sort=最新 raw=0 skipped=0 usable=0 queued=0 rate_limited=False
[queue] empty refilling keyword=逻辑游戏 sort=综合 task=57/42 empty_streak=40 seen_feeds=365
[search-wait] 8s before keyword=逻辑游戏 sort=综合
[cdp] spawn timeout=180s cmd=--reuse-existing-tab search-feeds --keyword 逻辑游戏 --sort-by 综合 --publish-time 半年内 --search-scrolls 4
[cdp] done exit=3 elapsed=0.2s stdout=0 stderr=145
[warn] search failed keyword=逻辑游戏
[cdp] phase=search exit=3 keyword=逻辑游戏
[cdp] cmd=--reuse-existing-tab search-feeds --keyword 逻辑游戏 --sort-by 综合 --publish-time 半年内 --search-scrolls 4
[cdp]   Error: Another publish process is running (pid=29736), started at 2026-07-19T16:27:44.153791+00:00. Please wait or terminate it before retrying.
[search] keyword=逻辑游戏 sort=综合 raw=0 skipped=0 usable=0 queued=0 rate_limited=False
[queue] empty refilling keyword=逻辑游戏 sort=最新 task=58/42 empty_streak=41 seen_feeds=365
[search-wait] 14s before keyword=逻辑游戏 sort=最新
[cdp] spawn timeout=180s cmd=--reuse-existing-tab search-feeds --keyword 逻辑游戏 --sort-by 最新 --publish-time 半年内 --search-scrolls 4
[cdp] done exit=3 elapsed=0.2s stdout=0 stderr=145
[warn] search failed keyword=逻辑游戏
[cdp] phase=search exit=3 keyword=逻辑游戏
[cdp] cmd=--reuse-existing-tab search-feeds --keyword 逻辑游戏 --sort-by 最新 --publish-time 半年内 --search-scrolls 4
[cdp]   Error: Another publish process is running (pid=29736), started at 2026-07-19T16:27:44.153791+00:00. Please wait or terminate it before retrying.
[search] keyword=逻辑游戏 sort=最新 raw=0 skipped=0 usable=0 queued=0 rate_limited=False
[info] all search tasks tried with no new candidates, stop (search_count=58 empty_streak=42)

=== SUMMARY ===
{
  "target": 30,
  "success": 4,
  "searchCount": 58,
  "failures": 1,
  "logFile": "D:\\Baoyu\\包宇的cocos\\LightPuzzle\\宣传素材\\小红书评论\\campaign_2026-07-20_001432.log",
  "elapsedSeconds": 1212.4,
  "elapsedMinutes": 20.21,
  "dryRun": false,
  "rateLimits": {
    "minIntervalSeconds": 60,
    "maxIntervalSeconds": 120,
    "maxPerHour": 0,
    "maxPerDay": 100,
    "circuitBreakerHours": 24,
    "searchIntervalSecondsMin": 5,
    "searchIntervalSecondsMax": 15,
    "limitUnit": "posts"
  },
  "circuitBreakerUntil": null,
  "finishedAt": "2026-07-20T00:34:44+08:00"
}
failures:
6a54c7b20000000011016762: ):
  File "C:\Users\Admin\.agents\skills\redbookskills\scripts\run_lock.py", line 28, in _pid_running
    os.kill(pid, 0)
SystemError: <built-in function kill> returned a result with an exception set

