[log-file] D:\Baoyu\包宇的cocos\LightPuzzle\宣传素材\小红书评论\campaign_2026-07-20_001945.log
[lock] campaign instance pid=23108
[rate-status] hourly=0/off daily=0/100 ok=True 
[start] target=30 dry_run=False max_age_days=60 min_relevance=2 history_posts=199 dedup_skip=199 search_tasks=42 search_scrolls=4
[step] check-login
[cdp] spawn timeout=90s cmd=check-login
[cdp] done exit=0 elapsed=0.3s stdout=330 stderr=0
[cdp] phase=check-login-ok exit=0
[cdp] cmd=check-login
[cdp]   [cdp_publish] Timing jitter ratio: 0.25
[cdp]   [cdp_publish] Login cache: enabled (ttl=12h).
[cdp]   [cdp_publish] Connecting to ws://127.0.0.1:9222/devtools/page/C4885793E9F3D38C4A7F0E09AEBC5819
[cdp]   [cdp_publish] Connected to Chrome tab.
[cdp]   [cdp_publish] Using cached login status (creator, age=654m, ttl=12h).
[cdp]   [cdp_publish] Login confirmed (cached).
[limits] interval=60-120s posts/hour=off posts/day=100 circuit=24h
[queue] empty refilling keyword=益智小游戏 sort=综合 task=1/42 empty_streak=0 seen_feeds=0
[cdp] spawn timeout=180s cmd=--reuse-existing-tab search-feeds --keyword 益智小游戏 --sort-by 综合 --publish-time 半年内 --search-scrolls 4
[cdp] done exit=0 elapsed=12.5s stdout=417848 stderr=0
[search-filter] keyword=益智小游戏 sort=综合 scrolls=4 {'already_commented': 39, 'low_relevance': 48, 'not_note': 6, 'too_old': 22, 'bad_title': 8, 'bad_publish_date': 3}
[search] keyword=益智小游戏 sort=综合 raw=126 skipped=126 usable=0 queued=0 rate_limited=False
[queue] empty refilling keyword=益智小游戏 sort=最新 task=2/42 empty_streak=1 seen_feeds=120
[search-wait] 6s before keyword=益智小游戏 sort=最新
[cdp] spawn timeout=180s cmd=--reuse-existing-tab search-feeds --keyword 益智小游戏 --sort-by 最新 --publish-time 半年内 --search-scrolls 4
[cdp] done exit=0 elapsed=13.7s stdout=477790 stderr=0
[search-filter] keyword=益智小游戏 sort=最新 scrolls=4 {'bad_publish_date': 1, 'dup_or_empty_id': 30, 'low_relevance': 42, 'not_note': 6, 'bad_title': 10, 'already_commented': 19}
[search] keyword=益智小游戏 sort=最新 raw=126 skipped=108 usable=18 queued=18 rate_limited=False
[queue] loaded 18 candidates, will post one-by-one before next search
[queue] pop feedId=6a4e82f4000000000702b40c remaining=17 title=没人喜欢这个益智小游戏吗？
[plan] #1 keyword=益智小游戏 title=没人喜欢这个益智小游戏吗？ comments=92 age=11d score=6 msg=11/微信小游戏 match=5
[post] attempt feedId=6a4e82f4000000000702b40c contentLen=42 also_upvote=1
[cdp] spawn timeout=120s cmd=--reuse-existing-tab post-comment-to-feed --feed-id 6a4e82f4000000000702b40c --xsec-token(46chars) --content(42chars) --also-upvote
[cdp] done exit=0 elapsed=9.9s stdout=2324 stderr=0
[upvote-warn] feedId=6a4e82f4000000000702b40c comment ok but like not confirmed upvote={'success': False, 'changed': False, 'state_before': False, 'state_after': False}
[post] success feedId=6a4e82f4000000000702b40c
[cdp] phase=post-ok exit=0 feedId=6a4e82f4000000000702b40c
[cdp] cmd=--reuse-existing-tab post-comment-to-feed --feed-id 6a4e82f4000000000702b40c --xsec-token(46chars) --content(42chars) --also-upvote
[cdp]   [cdp_publish] Login cache: enabled (ttl=12h).
[cdp]   [cdp_publish] Tab selection mode: prefer reusing existing tab.
[cdp]   [cdp_publish] Reusing existing tab to reduce focus switching: https://www.xiaohongshu.com/search_result?keyword=%E7%9B%8A%E6%99%BA%E5%B0%8F%E6%B8%B8%E6%88%8F&source=web_explore_feed&type=51
[cdp]   [cdp_publish] Connecting to ws://127.0.0.1:9222/devtools/page/C4885793E9F3D38C4A7F0E09AEBC5819
[cdp]   [cdp_publish] Connected to Chrome tab.
[cdp]   [cdp_publish] Using cached login status (home, age=654m, ttl=12h).
[cdp]   [cdp_publish] Home login confirmed (cached).
[cdp]   [cdp_publish] Navigating to https://www.xiaohongshu.com/explore/6a4e82f4000000000702b40c?xsec_token=ABa3QG7-NGBN7DoHsb1kCY4usr9j1q4otBgjT-h0Uln7M=&xsec_source=pc_feed
[cdp]   [cdp_publish] Clicking comment input box at (855, 1229)...
[cdp]   [cdp_publish] Clicking comment submit button at (1047, 1229)...
[cdp]   [cdp_publish] Comment posted. feed_id=6a4e82f4000000000702b40c, length=42
[cdp]   [cdp_publish] Clicking note like in interact bar at (958, 1229) hint=interact-container .like-wrapper target=SPAN bar=interactions engage-bar top=1217.3333740234375 left=938.2604370117188 viewport={'w': 1255, 'h': 1289}
[cdp]   [cdp_publish] JS click on like-wrapper, class_after=like-wrapper like-active at=(968.4739799499512, 1229.3333740234375)
[cdp]   [cdp_publish] Warning: note like click did not activate. state_before=False state_after=False likeRoot.class=like-wrapper like-active visual_before={'className': 'like-wrapper like-active', 'ariaPressed': '', 'color': 'rgb(51, 51, 51)', 'svgColor': 'rgb(51, 51, 51)', 'svgHtml': '<span data-v-9403e00c="" class="like-lottie" style="width: 24px; height: 24px;"></span>'} visual_after={'className': 'like-wrapper like-active', 'ariaPressed': '', 'color': 'rgb(51, 51, 51)', 'svgColor': 'rgb(51, 51, 51)', 'svgHtml': '<span data-v-9403e00c="" class="like-lottie" style="width: 24px; height: 24px;"></span>'}
[cdp]   [cdp_publish] Warning: upvote on same page failed. payload={'success': False, 'changed': False, 'state_before': False, 'state_after': False}
[cdp]   POST_COMMENT_RESULT:
[ok] post done (1/30)
[wait] 118s (~2.0min, random 60-120s)
[queue] pop feedId=6a4c64d7000000001603cf37 remaining=16 title=游戏#臭豆腐 #益智小游戏 #快来一起玩吧
[plan] #2 keyword=益智小游戏 title=游戏#臭豆腐 #益智小游戏 #快来一起玩吧 comments=2 age=13d score=6 msg=13/微信小游戏 match=5
[post] attempt feedId=6a4c64d7000000001603cf37 contentLen=39 also_upvote=1
[cdp] spawn timeout=120s cmd=--reuse-existing-tab post-comment-to-feed --feed-id 6a4c64d7000000001603cf37 --xsec-token(46chars) --content(39chars) --also-upvote
[cdp] done exit=0 elapsed=11.8s stdout=2335 stderr=0
[upvote-warn] feedId=6a4c64d7000000001603cf37 comment ok but like not confirmed upvote={'success': False, 'changed': False, 'state_before': False, 'state_after': False}
[post] success feedId=6a4c64d7000000001603cf37
[cdp] phase=post-ok exit=0 feedId=6a4c64d7000000001603cf37
[cdp] cmd=--reuse-existing-tab post-comment-to-feed --feed-id 6a4c64d7000000001603cf37 --xsec-token(46chars) --content(39chars) --also-upvote
[cdp]   [cdp_publish] Login cache: enabled (ttl=12h).
[cdp]   [cdp_publish] Tab selection mode: prefer reusing existing tab.
[cdp]   [cdp_publish] Reusing existing tab to reduce focus switching: https://www.xiaohongshu.com/explore/6a4f4ea20000000011018b90?xsec_token=ABuwcGkRpPIjq1T8xBjajU_M-rd7b6rEo7rUL_bTMG-3k=&xsec_source=pc_feed
[cdp]   [cdp_publish] Connecting to ws://127.0.0.1:9222/devtools/page/C4885793E9F3D38C4A7F0E09AEBC5819
[cdp]   [cdp_publish] Connected to Chrome tab.
[cdp]   [cdp_publish] Using cached login status (home, age=656m, ttl=12h).
[cdp]   [cdp_publish] Home login confirmed (cached).
[cdp]   [cdp_publish] Navigating to https://www.xiaohongshu.com/explore/6a4c64d7000000001603cf37?xsec_token=ABfYhvE6IT6q7RRstf797MNOw-bXEUIj6mn8B0dzSdGEw=&xsec_source=pc_feed
[cdp]   [cdp_publish] Clicking comment input box at (855, 1229)...
[cdp]   [cdp_publish] Clicking comment submit button at (1047, 1229)...
[cdp]   [cdp_publish] Comment posted. feed_id=6a4c64d7000000001603cf37, length=39
[cdp]   [cdp_publish] Clicking note like in interact bar at (958, 1229) hint=interact-container .like-wrapper target=SPAN bar=interactions engage-bar top=1217.3333740234375 left=938.2604370117188 viewport={'w': 1255, 'h': 1289}
[cdp]   [cdp_publish] JS click on like-wrapper, class_after=like-wrapper like-active at=(968.4739799499512, 1229.3333740234375)
[cdp]   [cdp_publish] Warning: note like click did not activate. state_before=False state_after=False likeRoot.class=like-wrapper like-active visual_before={'className': 'like-wrapper like-active', 'ariaPressed': '', 'color': 'rgb(51, 51, 51)', 'svgColor': 'rgb(51, 51, 51)', 'svgHtml': '<span data-v-9403e00c="" class="like-lottie" style="width: 24px; height: 24px;"></span>'} visual_after={'className': 'like-wrapper like-active', 'ariaPressed': '', 'color': 'rgb(51, 51, 51)', 'svgColor': 'rgb(51, 51, 51)', 'svgHtml': '<span data-v-9403e00c="" class="like-lottie" style="width: 24px; height: 24px;"></span>'}
[cdp]   [cdp_publish] Warning: upvote on same page failed. payload={'success': False, 'changed': False, 'state_before': False, 'state_after': False}
[cdp]   POST_COMMENT_RESULT:
[ok] post done (2/30)
[wait] 97s (~1.6min, random 60-120s)
[queue] pop feedId=6a487db50000000021017fc3 remaining=15 title=益智小游戏
[plan] #3 keyword=益智小游戏 title=益智小游戏 comments=1 age=16d score=6 msg=15/微信小游戏 match=2
[post] attempt feedId=6a487db50000000021017fc3 contentLen=39 also_upvote=1
[cdp] spawn timeout=120s cmd=--reuse-existing-tab post-comment-to-feed --feed-id 6a487db50000000021017fc3 --xsec-token(46chars) --content(39chars) --also-upvote
[cdp] done exit=0 elapsed=11.4s stdout=2335 stderr=0
[upvote-warn] feedId=6a487db50000000021017fc3 comment ok but like not confirmed upvote={'success': False, 'changed': False, 'state_before': False, 'state_after': False}
[post] success feedId=6a487db50000000021017fc3
[cdp] phase=post-ok exit=0 feedId=6a487db50000000021017fc3
[cdp] cmd=--reuse-existing-tab post-comment-to-feed --feed-id 6a487db50000000021017fc3 --xsec-token(46chars) --content(39chars) --also-upvote
[cdp]   [cdp_publish] Login cache: enabled (ttl=12h).
[cdp]   [cdp_publish] Tab selection mode: prefer reusing existing tab.
[cdp]   [cdp_publish] Reusing existing tab to reduce focus switching: https://www.xiaohongshu.com/explore/6a574b8e000000001702dbfd?xsec_token=ABZIZHoYD7gzNDo590xj4gXsjHePHJU3XwmgcvJHOolOo=&xsec_source=pc_feed
[cdp]   [cdp_publish] Connecting to ws://127.0.0.1:9222/devtools/page/C4885793E9F3D38C4A7F0E09AEBC5819
[cdp]   [cdp_publish] Connected to Chrome tab.
[cdp]   [cdp_publish] Using cached login status (home, age=658m, ttl=12h).
[cdp]   [cdp_publish] Home login confirmed (cached).
[cdp]   [cdp_publish] Navigating to https://www.xiaohongshu.com/explore/6a487db50000000021017fc3?xsec_token=ABMKscPzNdE-9DMnF6w1uKzxtWPux7Og4qr33e-w4ZGJo=&xsec_source=pc_feed
[cdp]   [cdp_publish] Clicking comment input box at (855, 1229)...
[cdp]   [cdp_publish] Clicking comment submit button at (1047, 1229)...
[cdp]   [cdp_publish] Comment posted. feed_id=6a487db50000000021017fc3, length=39
[cdp]   [cdp_publish] Clicking note like in interact bar at (950, 1229) hint=interact-container .like-wrapper target=SPAN bar=interactions engage-bar top=1217.3333740234375 left=930.0521240234375 viewport={'w': 1255, 'h': 1289}
[cdp]   [cdp_publish] JS click on like-wrapper, class_after=like-wrapper like-active at=(964.3698348999023, 1229.3333740234375)
[cdp]   [cdp_publish] Warning: note like click did not activate. state_before=False state_after=False likeRoot.class=like-wrapper like-active visual_before={'className': 'like-wrapper like-active', 'ariaPressed': '', 'color': 'rgb(51, 51, 51)', 'svgColor': 'rgb(51, 51, 51)', 'svgHtml': '<span data-v-9403e00c="" class="like-lottie" style="width: 24px; height: 24px;"></span>'} visual_after={'className': 'like-wrapper like-active', 'ariaPressed': '', 'color': 'rgb(51, 51, 51)', 'svgColor': 'rgb(51, 51, 51)', 'svgHtml': '<span data-v-9403e00c="" class="like-lottie" style="width: 24px; height: 24px;"></span>'}
[cdp]   [cdp_publish] Warning: upvote on same page failed. payload={'success': False, 'changed': False, 'state_before': False, 'state_after': False}
[cdp]   POST_COMMENT_RESULT:
[ok] post done (3/30)
[wait] 77s (~1.3min, random 60-120s)
[queue] pop feedId=6a43a0e4000000001503d8c0 remaining=14 title=游戏#益智小游戏#臭豆腐游戏#游戏日常
[skip-dup] feedId=6a43a0e4000000001503d8c0 already commented (disk reload before post)
[queue] pop feedId=6a3964c3000000000e031400 remaining=13 title=PSV小众好玩的小游戏（亲子益智）
[plan] #4 keyword=益智小游戏 title=PSV小众好玩的小游戏（亲子益智） comments=1 age=27d score=6 msg=9/推箱子 match=3
[post] attempt feedId=6a3964c3000000000e031400 contentLen=29 also_upvote=1
[cdp] spawn timeout=120s cmd=--reuse-existing-tab post-comment-to-feed --feed-id 6a3964c3000000000e031400 --xsec-token(46chars) --content(29chars) --also-upvote
[cdp] done exit=0 elapsed=11.5s stdout=2327 stderr=0
[upvote-warn] feedId=6a3964c3000000000e031400 comment ok but like not confirmed upvote={'success': False, 'changed': False, 'state_before': False, 'state_after': False}
[post] success feedId=6a3964c3000000000e031400
[cdp] phase=post-ok exit=0 feedId=6a3964c3000000000e031400
[cdp] cmd=--reuse-existing-tab post-comment-to-feed --feed-id 6a3964c3000000000e031400 --xsec-token(46chars) --content(29chars) --also-upvote
[cdp]   [cdp_publish] Login cache: enabled (ttl=12h).
[cdp]   [cdp_publish] Tab selection mode: prefer reusing existing tab.
[cdp]   [cdp_publish] Reusing existing tab to reduce focus switching: https://www.xiaohongshu.com/explore/6a0b99d4000000003701c564?xsec_token=ABWwJzADLoy0nocLBoChmMpxTMgXP2YbYZkXLwONB9pe4=&xsec_source=pc_feed
[cdp]   [cdp_publish] Connecting to ws://127.0.0.1:9222/devtools/page/C4885793E9F3D38C4A7F0E09AEBC5819
[cdp]   [cdp_publish] Connected to Chrome tab.
[cdp]   [cdp_publish] Using cached login status (home, age=660m, ttl=12h).
[cdp]   [cdp_publish] Home login confirmed (cached).
[cdp]   [cdp_publish] Navigating to https://www.xiaohongshu.com/explore/6a3964c3000000000e031400?xsec_token=AB01GX34zZVbcyOWmYosm_CIdulf6iDIKJ1vm4CMS7BSE=&xsec_source=pc_feed
[cdp]   [cdp_publish] Clicking comment input box at (855, 1229)...
[cdp]   [cdp_publish] Clicking comment submit button at (1047, 1229)...
[cdp]   [cdp_publish] Comment posted. feed_id=6a3964c3000000000e031400, length=29
[cdp]   [cdp_publish] Clicking note like in interact bar at (966, 1229) hint=interact-container .like-wrapper target=SPAN bar=interactions engage-bar top=1217.3333740234375 left=946.46875 viewport={'w': 1255, 'h': 1289}
[cdp]   [cdp_publish] JS click on like-wrapper, class_after=like-wrapper like-active at=(976.6822929382324, 1229.3333740234375)
[cdp]   [cdp_publish] Warning: note like click did not activate. state_before=False state_after=False likeRoot.class=like-wrapper like-active visual_before={'className': 'like-wrapper like-active', 'ariaPressed': '', 'color': 'rgb(51, 51, 51)', 'svgColor': 'rgb(51, 51, 51)', 'svgHtml': '<span data-v-9403e00c="" class="like-lottie" style="width: 24px; height: 24px;"></span>'} visual_after={'className': 'like-wrapper like-active', 'ariaPressed': '', 'color': 'rgb(51, 51, 51)', 'svgColor': 'rgb(51, 51, 51)', 'svgHtml': '<span data-v-9403e00c="" class="like-lottie" style="width: 24px; height: 24px;"></span>'}
[cdp]   [cdp_publish] Warning: upvote on same page failed. payload={'success': False, 'changed': False, 'state_before': False, 'state_after': False}
[cdp]   POST_COMMENT_RESULT:
[ok] post done (4/30)
[wait] 103s (~1.7min, random 60-120s)
[queue] pop feedId=6a59fa58000000001c00e799 remaining=12 title=记忆力差？玩这款小游戏提升!
[skip-low] 记忆力差？玩这款小游戏提升! comments=0
[queue] pop feedId=6a59e5bb000000000100160a remaining=11 title=挖到宝！6 款女生熬夜狂刷的解压小游戏
[skip-low] 挖到宝！6 款女生熬夜狂刷的解压小游戏 comments=0
[queue] pop feedId=6a5754dd0000000007012a13 remaining=10 title=💪🏻打卡100天专注力训练小游戏
[skip-low] 💪🏻打卡100天专注力训练小游戏 comments=0
[queue] pop feedId=6a55aebc000000001702d275 remaining=9 title=适合小学生暑假玩的趣味网页小游戏🎮
[skip-low] 适合小学生暑假玩的趣味网页小游戏🎮 comments=0
[queue] pop feedId=6a54dde0000000002101ac33 remaining=8 title=🔍 巨可爱的宝藏手绘风游戏❗️迷宫大侦探
[skip-low] 🔍 巨可爱的宝藏手绘风游戏❗️迷宫大侦探 comments=0
[queue] pop feedId=6a50bc100000000011017df2 remaining=7 title=暑假让孩子静下来的6个小游戏
[skip-low] 暑假让孩子静下来的6个小游戏 comments=1
[queue] pop feedId=6a48ad1f0000000008003f03 remaining=6 title=深陷找牛小游戏两个小时
[skip-low] 深陷找牛小游戏两个小时 comments=7
[queue] pop feedId=6a40ebf400000000070259f2 remaining=5 title=💪🏻打卡100天专注力训练小游戏
[skip-low] 💪🏻打卡100天专注力训练小游戏 comments=0
[queue] pop feedId=6a3a81ef0000000022019aff remaining=4 title=小朋友会喜欢这些小游戏吗
[skip-low] 小朋友会喜欢这些小游戏吗 comments=1
[queue] pop feedId=6a2813870000000017028061 remaining=3 title=在家专注力训练｜听觉干扰小游戏
[skip-low] 在家专注力训练｜听觉干扰小游戏 comments=1
[queue] pop feedId=6a1fb7850000000035026152 remaining=2 title=6 个长辈专属认知小游戏，好玩又练脑✨
[skip-low] 6 个长辈专属认知小游戏，好玩又练脑✨ comments=5
[queue] pop feedId=6a53ceed000000000f0069f0 remaining=1 title=打卡今天的脑力练习！
[skip-low] 打卡今天的脑力练习！ comments=0
[queue] pop feedId=6a3d0d09000000001603c28d remaining=0 title=沉迷数字推理事业无法自拔🕵️
[skip-low] 沉迷数字推理事业无法自拔🕵️ comments=1
[queue] empty refilling keyword=烧脑小游戏 sort=综合 task=3/42 empty_streak=0 seen_feeds=210
[search-wait] 13s before keyword=烧脑小游戏 sort=综合
[cdp] spawn timeout=180s cmd=--reuse-existing-tab search-feeds --keyword 烧脑小游戏 --sort-by 综合 --publish-time 半年内 --search-scrolls 4
[cdp] done exit=1 elapsed=0.2s stdout=0 stderr=1447
[warn] search failed keyword=烧脑小游戏
[cdp] phase=search exit=1 keyword=烧脑小游戏
[cdp] cmd=--reuse-existing-tab search-feeds --keyword 烧脑小游戏 --sort-by 综合 --publish-time 半年内 --search-scrolls 4
[cdp]   Traceback (most recent call last):
[cdp]   FileExistsError: [Errno 17] File exists: 'C:\\Users\\Admin\\AppData\\Local\\Temp\\post_to_xhs_publish.lock'
[cdp]   OSError: [WinError 87] 参数错误。
[cdp]   Traceback (most recent call last):
[cdp]   SystemError: <built-in function kill> returned a result with an exception set
[search] keyword=烧脑小游戏 sort=综合 raw=0 skipped=0 usable=0 queued=0 rate_limited=False
[queue] empty refilling keyword=烧脑小游戏 sort=最新 task=4/42 empty_streak=1 seen_feeds=210
[search-wait] 15s before keyword=烧脑小游戏 sort=最新
[cdp] spawn timeout=180s cmd=--reuse-existing-tab search-feeds --keyword 烧脑小游戏 --sort-by 最新 --publish-time 半年内 --search-scrolls 4
[cdp] done exit=1 elapsed=0.2s stdout=0 stderr=1440
[warn] search failed keyword=烧脑小游戏
[cdp] phase=search exit=1 keyword=烧脑小游戏
[cdp] cmd=--reuse-existing-tab search-feeds --keyword 烧脑小游戏 --sort-by 最新 --publish-time 半年内 --search-scrolls 4
[cdp]   Traceback (most recent call last):
[cdp]   FileExistsError: [Errno 17] File exists: 'C:\\Users\\Admin\\AppData\\Local\\Temp\\post_to_xhs_publish.lock'
[cdp]   OSError: [WinError 87] 参数错误。
[cdp]   Traceback (most recent call last):
[cdp]   SystemError: <class 'OSError'> returned a result with an exception set
[search] keyword=烧脑小游戏 sort=最新 raw=0 skipped=0 usable=0 queued=0 rate_limited=False
[queue] empty refilling keyword=推箱子 sort=综合 task=5/42 empty_streak=2 seen_feeds=210
[search-wait] 9s before keyword=推箱子 sort=综合
[cdp] spawn timeout=180s cmd=--reuse-existing-tab search-feeds --keyword 推箱子 --sort-by 综合 --publish-time 半年内 --search-scrolls 4
[cdp] done exit=1 elapsed=0.2s stdout=0 stderr=1440
[warn] search failed keyword=推箱子
[cdp] phase=search exit=1 keyword=推箱子
[cdp] cmd=--reuse-existing-tab search-feeds --keyword 推箱子 --sort-by 综合 --publish-time 半年内 --search-scrolls 4
[cdp]   Traceback (most recent call last):
[cdp]   FileExistsError: [Errno 17] File exists: 'C:\\Users\\Admin\\AppData\\Local\\Temp\\post_to_xhs_publish.lock'
[cdp]   OSError: [WinError 87] 参数错误。
[cdp]   Traceback (most recent call last):
[cdp]   SystemError: <class 'OSError'> returned a result with an exception set
[search] keyword=推箱子 sort=综合 raw=0 skipped=0 usable=0 queued=0 rate_limited=False
[queue] empty refilling keyword=推箱子 sort=最新 task=6/42 empty_streak=3 seen_feeds=210
[search-wait] 8s before keyword=推箱子 sort=最新
[cdp] spawn timeout=180s cmd=--reuse-existing-tab search-feeds --keyword 推箱子 --sort-by 最新 --publish-time 半年内 --search-scrolls 4
[cdp] done exit=1 elapsed=0.2s stdout=0 stderr=1440
[warn] search failed keyword=推箱子
[cdp] phase=search exit=1 keyword=推箱子
[cdp] cmd=--reuse-existing-tab search-feeds --keyword 推箱子 --sort-by 最新 --publish-time 半年内 --search-scrolls 4
[cdp]   Traceback (most recent call last):
[cdp]   FileExistsError: [Errno 17] File exists: 'C:\\Users\\Admin\\AppData\\Local\\Temp\\post_to_xhs_publish.lock'
[cdp]   OSError: [WinError 87] 参数错误。
[cdp]   Traceback (most recent call last):
[cdp]   SystemError: <class 'OSError'> returned a result with an exception set
[search] keyword=推箱子 sort=最新 raw=0 skipped=0 usable=0 queued=0 rate_limited=False
[queue] empty refilling keyword=解谜游戏 sort=综合 task=7/42 empty_streak=4 seen_feeds=210
[search-wait] 8s before keyword=解谜游戏 sort=综合
[cdp] spawn timeout=180s cmd=--reuse-existing-tab search-feeds --keyword 解谜游戏 --sort-by 综合 --publish-time 半年内 --search-scrolls 4
[cdp] done exit=1 elapsed=0.2s stdout=0 stderr=1440
[warn] search failed keyword=解谜游戏
[cdp] phase=search exit=1 keyword=解谜游戏
[cdp] cmd=--reuse-existing-tab search-feeds --keyword 解谜游戏 --sort-by 综合 --publish-time 半年内 --search-scrolls 4
[cdp]   Traceback (most recent call last):
[cdp]   FileExistsError: [Errno 17] File exists: 'C:\\Users\\Admin\\AppData\\Local\\Temp\\post_to_xhs_publish.lock'
[cdp]   OSError: [WinError 87] 参数错误。
[cdp]   Traceback (most recent call last):
[cdp]   SystemError: <class 'OSError'> returned a result with an exception set
[search] keyword=解谜游戏 sort=综合 raw=0 skipped=0 usable=0 queued=0 rate_limited=False
[queue] empty refilling keyword=解谜游戏 sort=最新 task=8/42 empty_streak=5 seen_feeds=210
[search-wait] 9s before keyword=解谜游戏 sort=最新
[cdp] spawn timeout=180s cmd=--reuse-existing-tab search-feeds --keyword 解谜游戏 --sort-by 最新 --publish-time 半年内 --search-scrolls 4
[cdp] done exit=1 elapsed=0.2s stdout=0 stderr=1440
[warn] search failed keyword=解谜游戏
[cdp] phase=search exit=1 keyword=解谜游戏
[cdp] cmd=--reuse-existing-tab search-feeds --keyword 解谜游戏 --sort-by 最新 --publish-time 半年内 --search-scrolls 4
[cdp]   Traceback (most recent call last):
[cdp]   FileExistsError: [Errno 17] File exists: 'C:\\Users\\Admin\\AppData\\Local\\Temp\\post_to_xhs_publish.lock'
[cdp]   OSError: [WinError 87] 参数错误。
[cdp]   Traceback (most recent call last):
[cdp]   SystemError: <class 'OSError'> returned a result with an exception set
[search] keyword=解谜游戏 sort=最新 raw=0 skipped=0 usable=0 queued=0 rate_limited=False
[queue] empty refilling keyword=游戏推荐 sort=综合 task=9/42 empty_streak=6 seen_feeds=210
[search-wait] 14s before keyword=游戏推荐 sort=综合
[cdp] spawn timeout=180s cmd=--reuse-existing-tab search-feeds --keyword 游戏推荐 --sort-by 综合 --publish-time 半年内 --search-scrolls 4
[cdp] done exit=1 elapsed=0.2s stdout=0 stderr=1440
[warn] search failed keyword=游戏推荐
[cdp] phase=search exit=1 keyword=游戏推荐
[cdp] cmd=--reuse-existing-tab search-feeds --keyword 游戏推荐 --sort-by 综合 --publish-time 半年内 --search-scrolls 4
[cdp]   Traceback (most recent call last):
[cdp]   FileExistsError: [Errno 17] File exists: 'C:\\Users\\Admin\\AppData\\Local\\Temp\\post_to_xhs_publish.lock'
[cdp]   OSError: [WinError 87] 参数错误。
[cdp]   Traceback (most recent call last):
[cdp]   SystemError: <class 'OSError'> returned a result with an exception set
[search] keyword=游戏推荐 sort=综合 raw=0 skipped=0 usable=0 queued=0 rate_limited=False
[queue] empty refilling keyword=游戏推荐 sort=最新 task=10/42 empty_streak=7 seen_feeds=210
[search-wait] 9s before keyword=游戏推荐 sort=最新
[cdp] spawn timeout=180s cmd=--reuse-existing-tab search-feeds --keyword 游戏推荐 --sort-by 最新 --publish-time 半年内 --search-scrolls 4
[cdp] done exit=1 elapsed=0.2s stdout=0 stderr=1440
[warn] search failed keyword=游戏推荐
[cdp] phase=search exit=1 keyword=游戏推荐
[cdp] cmd=--reuse-existing-tab search-feeds --keyword 游戏推荐 --sort-by 最新 --publish-time 半年内 --search-scrolls 4
[cdp]   Traceback (most recent call last):
[cdp]   FileExistsError: [Errno 17] File exists: 'C:\\Users\\Admin\\AppData\\Local\\Temp\\post_to_xhs_publish.lock'
[cdp]   OSError: [WinError 87] 参数错误。
[cdp]   Traceback (most recent call last):
[cdp]   SystemError: <class 'OSError'> returned a result with an exception set
[search] keyword=游戏推荐 sort=最新 raw=0 skipped=0 usable=0 queued=0 rate_limited=False
[queue] empty refilling keyword=微信小游戏 sort=综合 task=11/42 empty_streak=8 seen_feeds=210
[search-wait] 13s before keyword=微信小游戏 sort=综合
[cdp] spawn timeout=180s cmd=--reuse-existing-tab search-feeds --keyword 微信小游戏 --sort-by 综合 --publish-time 半年内 --search-scrolls 4
[cdp] done exit=1 elapsed=0.2s stdout=0 stderr=1440
[warn] search failed keyword=微信小游戏
[cdp] phase=search exit=1 keyword=微信小游戏
[cdp] cmd=--reuse-existing-tab search-feeds --keyword 微信小游戏 --sort-by 综合 --publish-time 半年内 --search-scrolls 4
[cdp]   Traceback (most recent call last):
[cdp]   FileExistsError: [Errno 17] File exists: 'C:\\Users\\Admin\\AppData\\Local\\Temp\\post_to_xhs_publish.lock'
[cdp]   OSError: [WinError 87] 参数错误。
[cdp]   Traceback (most recent call last):
[cdp]   SystemError: <class 'OSError'> returned a result with an exception set
[search] keyword=微信小游戏 sort=综合 raw=0 skipped=0 usable=0 queued=0 rate_limited=False
[queue] empty refilling keyword=微信小游戏 sort=最新 task=12/42 empty_streak=9 seen_feeds=210
[search-wait] 6s before keyword=微信小游戏 sort=最新
[cdp] spawn timeout=180s cmd=--reuse-existing-tab search-feeds --keyword 微信小游戏 --sort-by 最新 --publish-time 半年内 --search-scrolls 4
[cdp] done exit=1 elapsed=0.2s stdout=0 stderr=1440
[warn] search failed keyword=微信小游戏
[cdp] phase=search exit=1 keyword=微信小游戏
[cdp] cmd=--reuse-existing-tab search-feeds --keyword 微信小游戏 --sort-by 最新 --publish-time 半年内 --search-scrolls 4
[cdp]   Traceback (most recent call last):
[cdp]   FileExistsError: [Errno 17] File exists: 'C:\\Users\\Admin\\AppData\\Local\\Temp\\post_to_xhs_publish.lock'
[cdp]   OSError: [WinError 87] 参数错误。
[cdp]   Traceback (most recent call last):
[cdp]   SystemError: <class 'OSError'> returned a result with an exception set
[search] keyword=微信小游戏 sort=最新 raw=0 skipped=0 usable=0 queued=0 rate_limited=False
[queue] empty refilling keyword=迷宫游戏 sort=综合 task=13/42 empty_streak=10 seen_feeds=210
[search-wait] 7s before keyword=迷宫游戏 sort=综合
[cdp] spawn timeout=180s cmd=--reuse-existing-tab search-feeds --keyword 迷宫游戏 --sort-by 综合 --publish-time 半年内 --search-scrolls 4
[cdp] done exit=1 elapsed=0.2s stdout=0 stderr=1440
[warn] search failed keyword=迷宫游戏
[cdp] phase=search exit=1 keyword=迷宫游戏
[cdp] cmd=--reuse-existing-tab search-feeds --keyword 迷宫游戏 --sort-by 综合 --publish-time 半年内 --search-scrolls 4
[cdp]   Traceback (most recent call last):
[cdp]   FileExistsError: [Errno 17] File exists: 'C:\\Users\\Admin\\AppData\\Local\\Temp\\post_to_xhs_publish.lock'
[cdp]   OSError: [WinError 87] 参数错误。
[cdp]   Traceback (most recent call last):
[cdp]   SystemError: <class 'OSError'> returned a result with an exception set
[search] keyword=迷宫游戏 sort=综合 raw=0 skipped=0 usable=0 queued=0 rate_limited=False
[queue] empty refilling keyword=迷宫游戏 sort=最新 task=14/42 empty_streak=11 seen_feeds=210
[search-wait] 7s before keyword=迷宫游戏 sort=最新
[cdp] spawn timeout=180s cmd=--reuse-existing-tab search-feeds --keyword 迷宫游戏 --sort-by 最新 --publish-time 半年内 --search-scrolls 4
[cdp] done exit=1 elapsed=0.2s stdout=0 stderr=1440
[warn] search failed keyword=迷宫游戏
[cdp] phase=search exit=1 keyword=迷宫游戏
[cdp] cmd=--reuse-existing-tab search-feeds --keyword 迷宫游戏 --sort-by 最新 --publish-time 半年内 --search-scrolls 4
[cdp]   Traceback (most recent call last):
[cdp]   FileExistsError: [Errno 17] File exists: 'C:\\Users\\Admin\\AppData\\Local\\Temp\\post_to_xhs_publish.lock'
[cdp]   OSError: [WinError 87] 参数错误。
[cdp]   Traceback (most recent call last):
[cdp]   SystemError: <class 'OSError'> returned a result with an exception set
[search] keyword=迷宫游戏 sort=最新 raw=0 skipped=0 usable=0 queued=0 rate_limited=False
[queue] empty refilling keyword=逻辑游戏 sort=综合 task=15/42 empty_streak=12 seen_feeds=210
[search-wait] 8s before keyword=逻辑游戏 sort=综合
[cdp] spawn timeout=180s cmd=--reuse-existing-tab search-feeds --keyword 逻辑游戏 --sort-by 综合 --publish-time 半年内 --search-scrolls 4
[cdp] done exit=1 elapsed=0.2s stdout=0 stderr=1440
[warn] search failed keyword=逻辑游戏
[cdp] phase=search exit=1 keyword=逻辑游戏
[cdp] cmd=--reuse-existing-tab search-feeds --keyword 逻辑游戏 --sort-by 综合 --publish-time 半年内 --search-scrolls 4
[cdp]   Traceback (most recent call last):
[cdp]   FileExistsError: [Errno 17] File exists: 'C:\\Users\\Admin\\AppData\\Local\\Temp\\post_to_xhs_publish.lock'
[cdp]   OSError: [WinError 87] 参数错误。
[cdp]   Traceback (most recent call last):
[cdp]   SystemError: <class 'OSError'> returned a result with an exception set
[search] keyword=逻辑游戏 sort=综合 raw=0 skipped=0 usable=0 queued=0 rate_limited=False
[queue] empty refilling keyword=逻辑游戏 sort=最新 task=16/42 empty_streak=13 seen_feeds=210
[search-wait] 6s before keyword=逻辑游戏 sort=最新
[cdp] spawn timeout=180s cmd=--reuse-existing-tab search-feeds --keyword 逻辑游戏 --sort-by 最新 --publish-time 半年内 --search-scrolls 4
[cdp] done exit=1 elapsed=0.2s stdout=0 stderr=1440
[warn] search failed keyword=逻辑游戏
[cdp] phase=search exit=1 keyword=逻辑游戏
[cdp] cmd=--reuse-existing-tab search-feeds --keyword 逻辑游戏 --sort-by 最新 --publish-time 半年内 --search-scrolls 4
[cdp]   Traceback (most recent call last):
[cdp]   FileExistsError: [Errno 17] File exists: 'C:\\Users\\Admin\\AppData\\Local\\Temp\\post_to_xhs_publish.lock'
[cdp]   OSError: [WinError 87] 参数错误。
[cdp]   Traceback (most recent call last):
[cdp]   SystemError: <class 'OSError'> returned a result with an exception set
[search] keyword=逻辑游戏 sort=最新 raw=0 skipped=0 usable=0 queued=0 rate_limited=False
[queue] empty refilling keyword=休闲小游戏 sort=综合 task=17/42 empty_streak=14 seen_feeds=210
[search-wait] 12s before keyword=休闲小游戏 sort=综合
[cdp] spawn timeout=180s cmd=--reuse-existing-tab search-feeds --keyword 休闲小游戏 --sort-by 综合 --publish-time 半年内 --search-scrolls 4
[cdp] done exit=1 elapsed=0.2s stdout=0 stderr=1440
[warn] search failed keyword=休闲小游戏
[cdp] phase=search exit=1 keyword=休闲小游戏
[cdp] cmd=--reuse-existing-tab search-feeds --keyword 休闲小游戏 --sort-by 综合 --publish-time 半年内 --search-scrolls 4
[cdp]   Traceback (most recent call last):
[cdp]   FileExistsError: [Errno 17] File exists: 'C:\\Users\\Admin\\AppData\\Local\\Temp\\post_to_xhs_publish.lock'
[cdp]   OSError: [WinError 87] 参数错误。
[cdp]   Traceback (most recent call last):
[cdp]   SystemError: <class 'OSError'> returned a result with an exception set
[search] keyword=休闲小游戏 sort=综合 raw=0 skipped=0 usable=0 queued=0 rate_limited=False
[queue] empty refilling keyword=休闲小游戏 sort=最新 task=18/42 empty_streak=15 seen_feeds=210
[search-wait] 13s before keyword=休闲小游戏 sort=最新
[cdp] spawn timeout=180s cmd=--reuse-existing-tab search-feeds --keyword 休闲小游戏 --sort-by 最新 --publish-time 半年内 --search-scrolls 4
[cdp] done exit=1 elapsed=0.2s stdout=0 stderr=1440
[warn] search failed keyword=休闲小游戏
[cdp] phase=search exit=1 keyword=休闲小游戏
[cdp] cmd=--reuse-existing-tab search-feeds --keyword 休闲小游戏 --sort-by 最新 --publish-time 半年内 --search-scrolls 4
[cdp]   Traceback (most recent call last):
[cdp]   FileExistsError: [Errno 17] File exists: 'C:\\Users\\Admin\\AppData\\Local\\Temp\\post_to_xhs_publish.lock'
[cdp]   OSError: [WinError 87] 参数错误。
[cdp]   Traceback (most recent call last):
[cdp]   SystemError: <class 'OSError'> returned a result with an exception set
[search] keyword=休闲小游戏 sort=最新 raw=0 skipped=0 usable=0 queued=0 rate_limited=False
[queue] empty refilling keyword=单机小游戏 sort=综合 task=19/42 empty_streak=16 seen_feeds=210
[search-wait] 10s before keyword=单机小游戏 sort=综合
[cdp] spawn timeout=180s cmd=--reuse-existing-tab search-feeds --keyword 单机小游戏 --sort-by 综合 --publish-time 半年内 --search-scrolls 4
[cdp] done exit=1 elapsed=0.2s stdout=0 stderr=1440
[warn] search failed keyword=单机小游戏
[cdp] phase=search exit=1 keyword=单机小游戏
[cdp] cmd=--reuse-existing-tab search-feeds --keyword 单机小游戏 --sort-by 综合 --publish-time 半年内 --search-scrolls 4
[cdp]   Traceback (most recent call last):
[cdp]   FileExistsError: [Errno 17] File exists: 'C:\\Users\\Admin\\AppData\\Local\\Temp\\post_to_xhs_publish.lock'
[cdp]   OSError: [WinError 87] 参数错误。
[cdp]   Traceback (most recent call last):
[cdp]   SystemError: <class 'OSError'> returned a result with an exception set
[search] keyword=单机小游戏 sort=综合 raw=0 skipped=0 usable=0 queued=0 rate_limited=False
[queue] empty refilling keyword=单机小游戏 sort=最新 task=20/42 empty_streak=17 seen_feeds=210
[search-wait] 8s before keyword=单机小游戏 sort=最新
[cdp] spawn timeout=180s cmd=--reuse-existing-tab search-feeds --keyword 单机小游戏 --sort-by 最新 --publish-time 半年内 --search-scrolls 4
[cdp] done exit=1 elapsed=0.2s stdout=0 stderr=1440
[warn] search failed keyword=单机小游戏
[cdp] phase=search exit=1 keyword=单机小游戏
[cdp] cmd=--reuse-existing-tab search-feeds --keyword 单机小游戏 --sort-by 最新 --publish-time 半年内 --search-scrolls 4
[cdp]   Traceback (most recent call last):
[cdp]   FileExistsError: [Errno 17] File exists: 'C:\\Users\\Admin\\AppData\\Local\\Temp\\post_to_xhs_publish.lock'
[cdp]   OSError: [WinError 87] 参数错误。
[cdp]   Traceback (most recent call last):
[cdp]   SystemError: <class 'OSError'> returned a result with an exception set
[search] keyword=单机小游戏 sort=最新 raw=0 skipped=0 usable=0 queued=0 rate_limited=False
[queue] empty refilling keyword=解谜小游戏 sort=综合 task=21/42 empty_streak=18 seen_feeds=210
[search-wait] 11s before keyword=解谜小游戏 sort=综合
[cdp] spawn timeout=180s cmd=--reuse-existing-tab search-feeds --keyword 解谜小游戏 --sort-by 综合 --publish-time 半年内 --search-scrolls 4
[cdp] done exit=1 elapsed=0.2s stdout=0 stderr=1440
[warn] search failed keyword=解谜小游戏
[cdp] phase=search exit=1 keyword=解谜小游戏
[cdp] cmd=--reuse-existing-tab search-feeds --keyword 解谜小游戏 --sort-by 综合 --publish-time 半年内 --search-scrolls 4
[cdp]   Traceback (most recent call last):
[cdp]   FileExistsError: [Errno 17] File exists: 'C:\\Users\\Admin\\AppData\\Local\\Temp\\post_to_xhs_publish.lock'
[cdp]   OSError: [WinError 87] 参数错误。
[cdp]   Traceback (most recent call last):
[cdp]   SystemError: <class 'OSError'> returned a result with an exception set
[search] keyword=解谜小游戏 sort=综合 raw=0 skipped=0 usable=0 queued=0 rate_limited=False
[queue] empty refilling keyword=解谜小游戏 sort=最新 task=22/42 empty_streak=19 seen_feeds=210
[search-wait] 8s before keyword=解谜小游戏 sort=最新
[cdp] spawn timeout=180s cmd=--reuse-existing-tab search-feeds --keyword 解谜小游戏 --sort-by 最新 --publish-time 半年内 --search-scrolls 4
[cdp] done exit=1 elapsed=0.2s stdout=0 stderr=1440
[warn] search failed keyword=解谜小游戏
[cdp] phase=search exit=1 keyword=解谜小游戏
[cdp] cmd=--reuse-existing-tab search-feeds --keyword 解谜小游戏 --sort-by 最新 --publish-time 半年内 --search-scrolls 4
[cdp]   Traceback (most recent call last):
[cdp]   FileExistsError: [Errno 17] File exists: 'C:\\Users\\Admin\\AppData\\Local\\Temp\\post_to_xhs_publish.lock'
[cdp]   OSError: [WinError 87] 参数错误。
[cdp]   Traceback (most recent call last):
[cdp]   SystemError: <class 'OSError'> returned a result with an exception set
[search] keyword=解谜小游戏 sort=最新 raw=0 skipped=0 usable=0 queued=0 rate_limited=False
[queue] empty refilling keyword=益智游戏推荐 sort=综合 task=23/42 empty_streak=20 seen_feeds=210
[search-wait] 6s before keyword=益智游戏推荐 sort=综合
[cdp] spawn timeout=180s cmd=--reuse-existing-tab search-feeds --keyword 益智游戏推荐 --sort-by 综合 --publish-time 半年内 --search-scrolls 4
[cdp] done exit=1 elapsed=0.2s stdout=0 stderr=1440
[warn] search failed keyword=益智游戏推荐
[cdp] phase=search exit=1 keyword=益智游戏推荐
[cdp] cmd=--reuse-existing-tab search-feeds --keyword 益智游戏推荐 --sort-by 综合 --publish-time 半年内 --search-scrolls 4
[cdp]   Traceback (most recent call last):
[cdp]   FileExistsError: [Errno 17] File exists: 'C:\\Users\\Admin\\AppData\\Local\\Temp\\post_to_xhs_publish.lock'
[cdp]   OSError: [WinError 87] 参数错误。
[cdp]   Traceback (most recent call last):
[cdp]   SystemError: <class 'OSError'> returned a result with an exception set
[search] keyword=益智游戏推荐 sort=综合 raw=0 skipped=0 usable=0 queued=0 rate_limited=False
[queue] empty refilling keyword=益智游戏推荐 sort=最新 task=24/42 empty_streak=21 seen_feeds=210
[search-wait] 15s before keyword=益智游戏推荐 sort=最新
[cdp] spawn timeout=180s cmd=--reuse-existing-tab search-feeds --keyword 益智游戏推荐 --sort-by 最新 --publish-time 半年内 --search-scrolls 4
[cdp] done exit=1 elapsed=0.2s stdout=0 stderr=1440
[warn] search failed keyword=益智游戏推荐
[cdp] phase=search exit=1 keyword=益智游戏推荐
[cdp] cmd=--reuse-existing-tab search-feeds --keyword 益智游戏推荐 --sort-by 最新 --publish-time 半年内 --search-scrolls 4
[cdp]   Traceback (most recent call last):
[cdp]   FileExistsError: [Errno 17] File exists: 'C:\\Users\\Admin\\AppData\\Local\\Temp\\post_to_xhs_publish.lock'
[cdp]   OSError: [WinError 87] 参数错误。
[cdp]   Traceback (most recent call last):
[cdp]   SystemError: <class 'OSError'> returned a result with an exception set
[search] keyword=益智游戏推荐 sort=最新 raw=0 skipped=0 usable=0 queued=0 rate_limited=False
[queue] empty refilling keyword=烧脑游戏推荐 sort=综合 task=25/42 empty_streak=22 seen_feeds=210
[search-wait] 7s before keyword=烧脑游戏推荐 sort=综合
[cdp] spawn timeout=180s cmd=--reuse-existing-tab search-feeds --keyword 烧脑游戏推荐 --sort-by 综合 --publish-time 半年内 --search-scrolls 4
[cdp] done exit=1 elapsed=0.2s stdout=0 stderr=1440
[warn] search failed keyword=烧脑游戏推荐
[cdp] phase=search exit=1 keyword=烧脑游戏推荐
[cdp] cmd=--reuse-existing-tab search-feeds --keyword 烧脑游戏推荐 --sort-by 综合 --publish-time 半年内 --search-scrolls 4
[cdp]   Traceback (most recent call last):
[cdp]   FileExistsError: [Errno 17] File exists: 'C:\\Users\\Admin\\AppData\\Local\\Temp\\post_to_xhs_publish.lock'
[cdp]   OSError: [WinError 87] 参数错误。
[cdp]   Traceback (most recent call last):
[cdp]   SystemError: <class 'OSError'> returned a result with an exception set
[search] keyword=烧脑游戏推荐 sort=综合 raw=0 skipped=0 usable=0 queued=0 rate_limited=False
[queue] empty refilling keyword=烧脑游戏推荐 sort=最新 task=26/42 empty_streak=23 seen_feeds=210
[search-wait] 9s before keyword=烧脑游戏推荐 sort=最新
[cdp] spawn timeout=180s cmd=--reuse-existing-tab search-feeds --keyword 烧脑游戏推荐 --sort-by 最新 --publish-time 半年内 --search-scrolls 4
[cdp] done exit=1 elapsed=0.2s stdout=0 stderr=1440
[warn] search failed keyword=烧脑游戏推荐
[cdp] phase=search exit=1 keyword=烧脑游戏推荐
[cdp] cmd=--reuse-existing-tab search-feeds --keyword 烧脑游戏推荐 --sort-by 最新 --publish-time 半年内 --search-scrolls 4
[cdp]   Traceback (most recent call last):
[cdp]   FileExistsError: [Errno 17] File exists: 'C:\\Users\\Admin\\AppData\\Local\\Temp\\post_to_xhs_publish.lock'
[cdp]   OSError: [WinError 87] 参数错误。
[cdp]   Traceback (most recent call last):
[cdp]   SystemError: <class 'OSError'> returned a result with an exception set
[search] keyword=烧脑游戏推荐 sort=最新 raw=0 skipped=0 usable=0 queued=0 rate_limited=False
[queue] empty refilling keyword=打发时间小游戏 sort=综合 task=27/42 empty_streak=24 seen_feeds=210
[search-wait] 14s before keyword=打发时间小游戏 sort=综合
[cdp] spawn timeout=180s cmd=--reuse-existing-tab search-feeds --keyword 打发时间小游戏 --sort-by 综合 --publish-time 半年内 --search-scrolls 4
[cdp] done exit=1 elapsed=0.2s stdout=0 stderr=1440
[warn] search failed keyword=打发时间小游戏
[cdp] phase=search exit=1 keyword=打发时间小游戏
[cdp] cmd=--reuse-existing-tab search-feeds --keyword 打发时间小游戏 --sort-by 综合 --publish-time 半年内 --search-scrolls 4
[cdp]   Traceback (most recent call last):
[cdp]   FileExistsError: [Errno 17] File exists: 'C:\\Users\\Admin\\AppData\\Local\\Temp\\post_to_xhs_publish.lock'
[cdp]   OSError: [WinError 87] 参数错误。
[cdp]   Traceback (most recent call last):
[cdp]   SystemError: <class 'OSError'> returned a result with an exception set
[search] keyword=打发时间小游戏 sort=综合 raw=0 skipped=0 usable=0 queued=0 rate_limited=False
[queue] empty refilling keyword=打发时间小游戏 sort=最新 task=28/42 empty_streak=25 seen_feeds=210
[search-wait] 14s before keyword=打发时间小游戏 sort=最新
[cdp] spawn timeout=180s cmd=--reuse-existing-tab search-feeds --keyword 打发时间小游戏 --sort-by 最新 --publish-time 半年内 --search-scrolls 4
[cdp] done exit=1 elapsed=0.2s stdout=0 stderr=1440
[warn] search failed keyword=打发时间小游戏
[cdp] phase=search exit=1 keyword=打发时间小游戏
[cdp] cmd=--reuse-existing-tab search-feeds --keyword 打发时间小游戏 --sort-by 最新 --publish-time 半年内 --search-scrolls 4
[cdp]   Traceback (most recent call last):
[cdp]   FileExistsError: [Errno 17] File exists: 'C:\\Users\\Admin\\AppData\\Local\\Temp\\post_to_xhs_publish.lock'
[cdp]   OSError: [WinError 87] 参数错误。
[cdp]   Traceback (most recent call last):
[cdp]   SystemError: <class 'OSError'> returned a result with an exception set
[search] keyword=打发时间小游戏 sort=最新 raw=0 skipped=0 usable=0 queued=0 rate_limited=False
[queue] empty refilling keyword=闯关游戏 sort=综合 task=29/42 empty_streak=26 seen_feeds=210
[search-wait] 14s before keyword=闯关游戏 sort=综合
[cdp] spawn timeout=180s cmd=--reuse-existing-tab search-feeds --keyword 闯关游戏 --sort-by 综合 --publish-time 半年内 --search-scrolls 4
[cdp] done exit=1 elapsed=0.2s stdout=0 stderr=1440
[warn] search failed keyword=闯关游戏
[cdp] phase=search exit=1 keyword=闯关游戏
[cdp] cmd=--reuse-existing-tab search-feeds --keyword 闯关游戏 --sort-by 综合 --publish-time 半年内 --search-scrolls 4
[cdp]   Traceback (most recent call last):
[cdp]   FileExistsError: [Errno 17] File exists: 'C:\\Users\\Admin\\AppData\\Local\\Temp\\post_to_xhs_publish.lock'
[cdp]   OSError: [WinError 87] 参数错误。
[cdp]   Traceback (most recent call last):
[cdp]   SystemError: <class 'OSError'> returned a result with an exception set
[search] keyword=闯关游戏 sort=综合 raw=0 skipped=0 usable=0 queued=0 rate_limited=False
[queue] empty refilling keyword=闯关游戏 sort=最新 task=30/42 empty_streak=27 seen_feeds=210
[search-wait] 7s before keyword=闯关游戏 sort=最新
[cdp] spawn timeout=180s cmd=--reuse-existing-tab search-feeds --keyword 闯关游戏 --sort-by 最新 --publish-time 半年内 --search-scrolls 4
[cdp] done exit=1 elapsed=0.2s stdout=0 stderr=1440
[warn] search failed keyword=闯关游戏
[cdp] phase=search exit=1 keyword=闯关游戏
[cdp] cmd=--reuse-existing-tab search-feeds --keyword 闯关游戏 --sort-by 最新 --publish-time 半年内 --search-scrolls 4
[cdp]   Traceback (most recent call last):
[cdp]   FileExistsError: [Errno 17] File exists: 'C:\\Users\\Admin\\AppData\\Local\\Temp\\post_to_xhs_publish.lock'
[cdp]   OSError: [WinError 87] 参数错误。
[cdp]   Traceback (most recent call last):
[cdp]   SystemError: <class 'OSError'> returned a result with an exception set
[search] keyword=闯关游戏 sort=最新 raw=0 skipped=0 usable=0 queued=0 rate_limited=False
[queue] empty refilling keyword=推理游戏 sort=综合 task=31/42 empty_streak=28 seen_feeds=210
[search-wait] 9s before keyword=推理游戏 sort=综合
[cdp] spawn timeout=180s cmd=--reuse-existing-tab search-feeds --keyword 推理游戏 --sort-by 综合 --publish-time 半年内 --search-scrolls 4
[cdp] done exit=1 elapsed=0.2s stdout=0 stderr=1440
[warn] search failed keyword=推理游戏
[cdp] phase=search exit=1 keyword=推理游戏
[cdp] cmd=--reuse-existing-tab search-feeds --keyword 推理游戏 --sort-by 综合 --publish-time 半年内 --search-scrolls 4
[cdp]   Traceback (most recent call last):
[cdp]   FileExistsError: [Errno 17] File exists: 'C:\\Users\\Admin\\AppData\\Local\\Temp\\post_to_xhs_publish.lock'
[cdp]   OSError: [WinError 87] 参数错误。
[cdp]   Traceback (most recent call last):
[cdp]   SystemError: <class 'OSError'> returned a result with an exception set
[search] keyword=推理游戏 sort=综合 raw=0 skipped=0 usable=0 queued=0 rate_limited=False
[queue] empty refilling keyword=推理游戏 sort=最新 task=32/42 empty_streak=29 seen_feeds=210
[search-wait] 12s before keyword=推理游戏 sort=最新
[cdp] spawn timeout=180s cmd=--reuse-existing-tab search-feeds --keyword 推理游戏 --sort-by 最新 --publish-time 半年内 --search-scrolls 4
[cdp] done exit=1 elapsed=0.2s stdout=0 stderr=1440
[warn] search failed keyword=推理游戏
[cdp] phase=search exit=1 keyword=推理游戏
[cdp] cmd=--reuse-existing-tab search-feeds --keyword 推理游戏 --sort-by 最新 --publish-time 半年内 --search-scrolls 4
[cdp]   Traceback (most recent call last):
[cdp]   FileExistsError: [Errno 17] File exists: 'C:\\Users\\Admin\\AppData\\Local\\Temp\\post_to_xhs_publish.lock'
[cdp]   OSError: [WinError 87] 参数错误。
[cdp]   Traceback (most recent call last):
[cdp]   SystemError: <class 'OSError'> returned a result with an exception set
[search] keyword=推理游戏 sort=最新 raw=0 skipped=0 usable=0 queued=0 rate_limited=False
[queue] empty refilling keyword=脑力游戏 sort=综合 task=33/42 empty_streak=30 seen_feeds=210
[search-wait] 9s before keyword=脑力游戏 sort=综合
[cdp] spawn timeout=180s cmd=--reuse-existing-tab search-feeds --keyword 脑力游戏 --sort-by 综合 --publish-time 半年内 --search-scrolls 4
[cdp] done exit=1 elapsed=0.2s stdout=0 stderr=1440
[warn] search failed keyword=脑力游戏
[cdp] phase=search exit=1 keyword=脑力游戏
[cdp] cmd=--reuse-existing-tab search-feeds --keyword 脑力游戏 --sort-by 综合 --publish-time 半年内 --search-scrolls 4
[cdp]   Traceback (most recent call last):
[cdp]   FileExistsError: [Errno 17] File exists: 'C:\\Users\\Admin\\AppData\\Local\\Temp\\post_to_xhs_publish.lock'
[cdp]   OSError: [WinError 87] 参数错误。
[cdp]   Traceback (most recent call last):
[cdp]   SystemError: <class 'OSError'> returned a result with an exception set
[search] keyword=脑力游戏 sort=综合 raw=0 skipped=0 usable=0 queued=0 rate_limited=False
[queue] empty refilling keyword=脑力游戏 sort=最新 task=34/42 empty_streak=31 seen_feeds=210
[search-wait] 6s before keyword=脑力游戏 sort=最新
[cdp] spawn timeout=180s cmd=--reuse-existing-tab search-feeds --keyword 脑力游戏 --sort-by 最新 --publish-time 半年内 --search-scrolls 4
[cdp] done exit=1 elapsed=0.2s stdout=0 stderr=1440
[warn] search failed keyword=脑力游戏
[cdp] phase=search exit=1 keyword=脑力游戏
[cdp] cmd=--reuse-existing-tab search-feeds --keyword 脑力游戏 --sort-by 最新 --publish-time 半年内 --search-scrolls 4
[cdp]   Traceback (most recent call last):
[cdp]   FileExistsError: [Errno 17] File exists: 'C:\\Users\\Admin\\AppData\\Local\\Temp\\post_to_xhs_publish.lock'
[cdp]   OSError: [WinError 87] 参数错误。
[cdp]   Traceback (most recent call last):
[cdp]   SystemError: <class 'OSError'> returned a result with an exception set
[search] keyword=脑力游戏 sort=最新 raw=0 skipped=0 usable=0 queued=0 rate_limited=False
[queue] empty refilling keyword=光学解谜 sort=综合 task=35/42 empty_streak=32 seen_feeds=210
[search-wait] 14s before keyword=光学解谜 sort=综合
[cdp] spawn timeout=180s cmd=--reuse-existing-tab search-feeds --keyword 光学解谜 --sort-by 综合 --publish-time 半年内 --search-scrolls 4
[cdp] done exit=1 elapsed=0.2s stdout=0 stderr=1440
[warn] search failed keyword=光学解谜
[cdp] phase=search exit=1 keyword=光学解谜
[cdp] cmd=--reuse-existing-tab search-feeds --keyword 光学解谜 --sort-by 综合 --publish-time 半年内 --search-scrolls 4
[cdp]   Traceback (most recent call last):
[cdp]   FileExistsError: [Errno 17] File exists: 'C:\\Users\\Admin\\AppData\\Local\\Temp\\post_to_xhs_publish.lock'
[cdp]   OSError: [WinError 87] 参数错误。
[cdp]   Traceback (most recent call last):
[cdp]   SystemError: <class 'OSError'> returned a result with an exception set
[search] keyword=光学解谜 sort=综合 raw=0 skipped=0 usable=0 queued=0 rate_limited=False
[queue] empty refilling keyword=光学解谜 sort=最新 task=36/42 empty_streak=33 seen_feeds=210
[search-wait] 12s before keyword=光学解谜 sort=最新
[cdp] spawn timeout=180s cmd=--reuse-existing-tab search-feeds --keyword 光学解谜 --sort-by 最新 --publish-time 半年内 --search-scrolls 4
[cdp] done exit=1 elapsed=0.2s stdout=0 stderr=1440
[warn] search failed keyword=光学解谜
[cdp] phase=search exit=1 keyword=光学解谜
[cdp] cmd=--reuse-existing-tab search-feeds --keyword 光学解谜 --sort-by 最新 --publish-time 半年内 --search-scrolls 4
[cdp]   Traceback (most recent call last):
[cdp]   FileExistsError: [Errno 17] File exists: 'C:\\Users\\Admin\\AppData\\Local\\Temp\\post_to_xhs_publish.lock'
[cdp]   OSError: [WinError 87] 参数错误。
[cdp]   Traceback (most recent call last):
[cdp]   SystemError: <class 'OSError'> returned a result with an exception set
[search] keyword=光学解谜 sort=最新 raw=0 skipped=0 usable=0 queued=0 rate_limited=False
[queue] empty refilling keyword=光线迷宫 sort=综合 task=37/42 empty_streak=34 seen_feeds=210
[search-wait] 15s before keyword=光线迷宫 sort=综合
[cdp] spawn timeout=180s cmd=--reuse-existing-tab search-feeds --keyword 光线迷宫 --sort-by 综合 --publish-time 半年内 --search-scrolls 4
[cdp] done exit=1 elapsed=0.2s stdout=0 stderr=1440
[warn] search failed keyword=光线迷宫
[cdp] phase=search exit=1 keyword=光线迷宫
[cdp] cmd=--reuse-existing-tab search-feeds --keyword 光线迷宫 --sort-by 综合 --publish-time 半年内 --search-scrolls 4
[cdp]   Traceback (most recent call last):
[cdp]   FileExistsError: [Errno 17] File exists: 'C:\\Users\\Admin\\AppData\\Local\\Temp\\post_to_xhs_publish.lock'
[cdp]   OSError: [WinError 87] 参数错误。
[cdp]   Traceback (most recent call last):
[cdp]   SystemError: <class 'OSError'> returned a result with an exception set
[search] keyword=光线迷宫 sort=综合 raw=0 skipped=0 usable=0 queued=0 rate_limited=False
[queue] empty refilling keyword=光线迷宫 sort=最新 task=38/42 empty_streak=35 seen_feeds=210
[search-wait] 8s before keyword=光线迷宫 sort=最新
[cdp] spawn timeout=180s cmd=--reuse-existing-tab search-feeds --keyword 光线迷宫 --sort-by 最新 --publish-time 半年内 --search-scrolls 4
[cdp] done exit=1 elapsed=0.2s stdout=0 stderr=1440
[warn] search failed keyword=光线迷宫
[cdp] phase=search exit=1 keyword=光线迷宫
[cdp] cmd=--reuse-existing-tab search-feeds --keyword 光线迷宫 --sort-by 最新 --publish-time 半年内 --search-scrolls 4
[cdp]   Traceback (most recent call last):
[cdp]   FileExistsError: [Errno 17] File exists: 'C:\\Users\\Admin\\AppData\\Local\\Temp\\post_to_xhs_publish.lock'
[cdp]   OSError: [WinError 87] 参数错误。
[cdp]   Traceback (most recent call last):
[cdp]   SystemError: <class 'OSError'> returned a result with an exception set
[search] keyword=光线迷宫 sort=最新 raw=0 skipped=0 usable=0 queued=0 rate_limited=False
[queue] empty refilling keyword=微信游戏推荐 sort=综合 task=39/42 empty_streak=36 seen_feeds=210
[search-wait] 10s before keyword=微信游戏推荐 sort=综合
[cdp] spawn timeout=180s cmd=--reuse-existing-tab search-feeds --keyword 微信游戏推荐 --sort-by 综合 --publish-time 半年内 --search-scrolls 4
[cdp] done exit=1 elapsed=0.2s stdout=0 stderr=1440
[warn] search failed keyword=微信游戏推荐
[cdp] phase=search exit=1 keyword=微信游戏推荐
[cdp] cmd=--reuse-existing-tab search-feeds --keyword 微信游戏推荐 --sort-by 综合 --publish-time 半年内 --search-scrolls 4
[cdp]   Traceback (most recent call last):
[cdp]   FileExistsError: [Errno 17] File exists: 'C:\\Users\\Admin\\AppData\\Local\\Temp\\post_to_xhs_publish.lock'
[cdp]   OSError: [WinError 87] 参数错误。
[cdp]   Traceback (most recent call last):
[cdp]   SystemError: <class 'OSError'> returned a result with an exception set
[search] keyword=微信游戏推荐 sort=综合 raw=0 skipped=0 usable=0 queued=0 rate_limited=False
[queue] empty refilling keyword=微信游戏推荐 sort=最新 task=40/42 empty_streak=37 seen_feeds=210
[search-wait] 11s before keyword=微信游戏推荐 sort=最新
[cdp] spawn timeout=180s cmd=--reuse-existing-tab search-feeds --keyword 微信游戏推荐 --sort-by 最新 --publish-time 半年内 --search-scrolls 4
[cdp] done exit=1 elapsed=0.2s stdout=0 stderr=1440
[warn] search failed keyword=微信游戏推荐
[cdp] phase=search exit=1 keyword=微信游戏推荐
[cdp] cmd=--reuse-existing-tab search-feeds --keyword 微信游戏推荐 --sort-by 最新 --publish-time 半年内 --search-scrolls 4
[cdp]   Traceback (most recent call last):
[cdp]   FileExistsError: [Errno 17] File exists: 'C:\\Users\\Admin\\AppData\\Local\\Temp\\post_to_xhs_publish.lock'
[cdp]   OSError: [WinError 87] 参数错误。
[cdp]   Traceback (most recent call last):
[cdp]   SystemError: <class 'OSError'> returned a result with an exception set
[search] keyword=微信游戏推荐 sort=最新 raw=0 skipped=0 usable=0 queued=0 rate_limited=False
[queue] empty refilling keyword=小游戏安利 sort=综合 task=41/42 empty_streak=38 seen_feeds=210
[search-wait] 8s before keyword=小游戏安利 sort=综合
[cdp] spawn timeout=180s cmd=--reuse-existing-tab search-feeds --keyword 小游戏安利 --sort-by 综合 --publish-time 半年内 --search-scrolls 4
[cdp] done exit=1 elapsed=0.2s stdout=0 stderr=1440
[warn] search failed keyword=小游戏安利
[cdp] phase=search exit=1 keyword=小游戏安利
[cdp] cmd=--reuse-existing-tab search-feeds --keyword 小游戏安利 --sort-by 综合 --publish-time 半年内 --search-scrolls 4
[cdp]   Traceback (most recent call last):
[cdp]   FileExistsError: [Errno 17] File exists: 'C:\\Users\\Admin\\AppData\\Local\\Temp\\post_to_xhs_publish.lock'
[cdp]   OSError: [WinError 87] 参数错误。
[cdp]   Traceback (most recent call last):
[cdp]   SystemError: <class 'OSError'> returned a result with an exception set
[search] keyword=小游戏安利 sort=综合 raw=0 skipped=0 usable=0 queued=0 rate_limited=False
[queue] empty refilling keyword=小游戏安利 sort=最新 task=42/42 empty_streak=39 seen_feeds=210
[search-wait] 9s before keyword=小游戏安利 sort=最新
[cdp] spawn timeout=180s cmd=--reuse-existing-tab search-feeds --keyword 小游戏安利 --sort-by 最新 --publish-time 半年内 --search-scrolls 4
[cdp] done exit=1 elapsed=0.2s stdout=0 stderr=1440
[warn] search failed keyword=小游戏安利
[cdp] phase=search exit=1 keyword=小游戏安利
[cdp] cmd=--reuse-existing-tab search-feeds --keyword 小游戏安利 --sort-by 最新 --publish-time 半年内 --search-scrolls 4
[cdp]   Traceback (most recent call last):
[cdp]   FileExistsError: [Errno 17] File exists: 'C:\\Users\\Admin\\AppData\\Local\\Temp\\post_to_xhs_publish.lock'
[cdp]   OSError: [WinError 87] 参数错误。
[cdp]   Traceback (most recent call last):
[cdp]   SystemError: <class 'OSError'> returned a result with an exception set
[search] keyword=小游戏安利 sort=最新 raw=0 skipped=0 usable=0 queued=0 rate_limited=False
[queue] empty refilling keyword=益智小游戏 sort=综合 task=43/42 empty_streak=40 seen_feeds=210
[search-wait] 8s before keyword=益智小游戏 sort=综合
[cdp] spawn timeout=180s cmd=--reuse-existing-tab search-feeds --keyword 益智小游戏 --sort-by 综合 --publish-time 半年内 --search-scrolls 4
[cdp] done exit=1 elapsed=0.2s stdout=0 stderr=1440
[warn] search failed keyword=益智小游戏
[cdp] phase=search exit=1 keyword=益智小游戏
[cdp] cmd=--reuse-existing-tab search-feeds --keyword 益智小游戏 --sort-by 综合 --publish-time 半年内 --search-scrolls 4
[cdp]   Traceback (most recent call last):
[cdp]   FileExistsError: [Errno 17] File exists: 'C:\\Users\\Admin\\AppData\\Local\\Temp\\post_to_xhs_publish.lock'
[cdp]   OSError: [WinError 87] 参数错误。
[cdp]   Traceback (most recent call last):
[cdp]   SystemError: <class 'OSError'> returned a result with an exception set
[search] keyword=益智小游戏 sort=综合 raw=0 skipped=0 usable=0 queued=0 rate_limited=False
[queue] empty refilling keyword=益智小游戏 sort=最新 task=44/42 empty_streak=41 seen_feeds=210
[search-wait] 6s before keyword=益智小游戏 sort=最新
[cdp] spawn timeout=180s cmd=--reuse-existing-tab search-feeds --keyword 益智小游戏 --sort-by 最新 --publish-time 半年内 --search-scrolls 4
[cdp] done exit=1 elapsed=0.2s stdout=0 stderr=1440
[warn] search failed keyword=益智小游戏
[cdp] phase=search exit=1 keyword=益智小游戏
[cdp] cmd=--reuse-existing-tab search-feeds --keyword 益智小游戏 --sort-by 最新 --publish-time 半年内 --search-scrolls 4
[cdp]   Traceback (most recent call last):
[cdp]   FileExistsError: [Errno 17] File exists: 'C:\\Users\\Admin\\AppData\\Local\\Temp\\post_to_xhs_publish.lock'
[cdp]   OSError: [WinError 87] 参数错误。
[cdp]   Traceback (most recent call last):
[cdp]   SystemError: <class 'OSError'> returned a result with an exception set
[search] keyword=益智小游戏 sort=最新 raw=0 skipped=0 usable=0 queued=0 rate_limited=False
[info] all search tasks tried with no new candidates, stop (search_count=44 empty_streak=42)

=== SUMMARY ===
{
  "target": 30,
  "success": 4,
  "searchCount": 44,
  "failures": 0,
  "logFile": "D:\\Baoyu\\包宇的cocos\\LightPuzzle\\宣传素材\\小红书评论\\campaign_2026-07-20_001945.log",
  "elapsedSeconds": 896.0,
  "elapsedMinutes": 14.93,
  "dryRun": false,
  "rateLimits": {
    "minIntervalSeconds": 60,
    "maxIntervalSeconds": 120,
    "maxPerHour": 0,
    "maxPerDay": 100,
    "circuitBreakerHours": 24,
    "searchIntervalSecondsMin": 5,
    "searchIntervalSecondsMax": 15,
    "limitUnit": "posts"
  },
  "circuitBreakerUntil": null,
  "finishedAt": "2026-07-20T00:34:41+08:00"
}
